Archive member included to satisfy reference by file (symbol)

Generated_Source\PSoC6\pdl\middleware\ble\lib\cy_ble_stack_gcc_host_ipc_cm4.a(CyBleStackMgrIP_Interface.o)
                              .\CortexM4\ARM_GCC_541\Debug\cy_ble.o (Cy_BLE_EnablePrivacyFeature)
Generated_Source\PSoC6\pdl\middleware\ble\lib\cy_ble_stack_gcc_host_ipc_cm4.a(BT_os.o)
                              Generated_Source\PSoC6\pdl\middleware\ble\lib\cy_ble_stack_gcc_host_ipc_cm4.a(CyBleStackMgrIP_Interface.o) (cyBleStackMemoryConfig)
Generated_Source\PSoC6\pdl\middleware\ble\lib\cy_ble_stack_gcc_host_ipc_cm4.a(CyBleStackMgr_StackTaskHandler.o)
                              Generated_Source\PSoC6\pdl\middleware\ble\lib\cy_ble_stack_gcc_host_ipc_cm4.a(CyBleStackMgrIP_Interface.o) (CyBle_CreateBleStackTask)
Generated_Source\PSoC6\pdl\middleware\ble\lib\cy_ble_stack_gcc_host_ipc_cm4.a(storage_pl.o)
                              Generated_Source\PSoC6\pdl\middleware\ble\lib\cy_ble_stack_gcc_host_ipc_cm4.a(CyBleStackMgrIP_Interface.o) (storage_manager_init)
Generated_Source\PSoC6\pdl\middleware\ble\lib\cy_ble_stack_gcc_host_ipc_cm4.a(mint_os.o)
                              Generated_Source\PSoC6\pdl\middleware\ble\lib\cy_ble_stack_gcc_host_ipc_cm4.a(CyBleStackMgrIP_Interface.o) (OS_init)
Generated_Source\PSoC6\pdl\middleware\ble\lib\cy_ble_stack_gcc_host_ipc_cm4.a(mint_os_queue.o)
                              Generated_Source\PSoC6\pdl\middleware\ble\lib\cy_ble_stack_gcc_host_ipc_cm4.a(mint_os.o) (OS_TOTAL_QUEUES)
Generated_Source\PSoC6\pdl\middleware\ble\lib\cy_ble_stack_gcc_host_ipc_cm4.a(mint_os_task.o)
                              Generated_Source\PSoC6\pdl\middleware\ble\lib\cy_ble_stack_gcc_host_ipc_cm4.a(mint_os.o) (idle_func_handler)
Generated_Source\PSoC6\pdl\middleware\ble\lib\cy_ble_stack_gcc_host_ipc_cm4.a(mint_buf_mgmt.o)
                              Generated_Source\PSoC6\pdl\middleware\ble\lib\cy_ble_stack_gcc_host_ipc_cm4.a(BT_os.o) (mint_buf_mgmt_allocate_buffer)
Generated_Source\PSoC6\pdl\middleware\ble\lib\cy_ble_stack_gcc_host_ipc_cm4.a(transport_ipc.o)
                              Generated_Source\PSoC6\pdl\middleware\ble\lib\cy_ble_stack_gcc_host_ipc_cm4.a(CyBleStackMgr_StackTaskHandler.o) (CyBleHost_HciIpcFreePktBuffer)
Generated_Source\PSoC6\pdl\middleware\ble\lib\cy_ble_stack_gcc_host_ipc_cm4.a(CyBleStackMgr_PSoCIPCHal.o)
                              Generated_Source\PSoC6\pdl\middleware\ble\lib\cy_ble_stack_gcc_host_ipc_cm4.a(transport_ipc.o) (CyBleHost_IPC_HAL_InitWithStaticMem)
Generated_Source\PSoC6\pdl\middleware\ble\lib\cy_ble_stack_gcc_host_ipc_cm4.a(host_main.o)
                              Generated_Source\PSoC6\pdl\middleware\ble\lib\cy_ble_stack_gcc_host_ipc_cm4.a(CyBleStackMgrIP_Interface.o) (CyBle_HostInit)
Generated_Source\PSoC6\pdl\middleware\ble\lib\cy_ble_stack_gcc_host_ipc_cm4.a(att_api.o)
                              Generated_Source\PSoC6\pdl\middleware\ble\lib\cy_ble_stack_gcc_host_ipc_cm4.a(host_main.o) (BT_att_register)
Generated_Source\PSoC6\pdl\middleware\ble\lib\cy_ble_stack_gcc_host_ipc_cm4.a(att_init.o)
                              Generated_Source\PSoC6\pdl\middleware\ble\lib\cy_ble_stack_gcc_host_ipc_cm4.a(att_api.o) (att_connections)
Generated_Source\PSoC6\pdl\middleware\ble\lib\cy_ble_stack_gcc_host_ipc_cm4.a(att_internal.o)
                              Generated_Source\PSoC6\pdl\middleware\ble\lib\cy_ble_stack_gcc_host_ipc_cm4.a(att_api.o) (att_get_fsm_event)
Generated_Source\PSoC6\pdl\middleware\ble\lib\cy_ble_stack_gcc_host_ipc_cm4.a(BT_common.o)
                              Generated_Source\PSoC6\pdl\middleware\ble\lib\cy_ble_stack_gcc_host_ipc_cm4.a(host_main.o) (BT_bluetooth_off)
Generated_Source\PSoC6\pdl\middleware\ble\lib\cy_ble_stack_gcc_host_ipc_cm4.a(device_queue.o)
                              Generated_Source\PSoC6\pdl\middleware\ble\lib\cy_ble_stack_gcc_host_ipc_cm4.a(host_main.o) (CyBle_DeviceQueueHeapDeInit)
Generated_Source\PSoC6\pdl\middleware\ble\lib\cy_ble_stack_gcc_host_ipc_cm4.a(l2cap.o)
                              Generated_Source\PSoC6\pdl\middleware\ble\lib\cy_ble_stack_gcc_host_ipc_cm4.a(host_main.o) (CyBle_L2capCB)
Generated_Source\PSoC6\pdl\middleware\ble\lib\cy_ble_stack_gcc_host_ipc_cm4.a(l2cap_disconnect.o)
                              Generated_Source\PSoC6\pdl\middleware\ble\lib\cy_ble_stack_gcc_host_ipc_cm4.a(l2cap.o) (l2ca_disconnect_req)
Generated_Source\PSoC6\pdl\middleware\ble\lib\cy_ble_stack_gcc_host_ipc_cm4.a(l2cap_init.o)
                              Generated_Source\PSoC6\pdl\middleware\ble\lib\cy_ble_stack_gcc_host_ipc_cm4.a(l2cap_disconnect.o) (l2cap_fixed_channel)
Generated_Source\PSoC6\pdl\middleware\ble\lib\cy_ble_stack_gcc_host_ipc_cm4.a(l2cap_utils.o)
                              Generated_Source\PSoC6\pdl\middleware\ble\lib\cy_ble_stack_gcc_host_ipc_cm4.a(l2cap_disconnect.o) (l2cap_buffer_dequeue)
Generated_Source\PSoC6\pdl\middleware\ble\lib\cy_ble_stack_gcc_host_ipc_cm4.a(l2cap_lmp.o)
[...]
Memory Configuration

Name             Origin             Length             Attributes
ram              0x08024000         0x00023800         xrw
flash            0x10080000         0x00080000         xr
em_eeprom        0x14000000         0x00008000         xr
sflash_user_data 0x16000800         0x00000800         xr
sflash_nar       0x16001a00         0x00000200         xr
sflash_public_key 0x16005a00         0x00000c00         xr
sflash_toc_2     0x16007c00         0x00000200         xr
sflash_rtoc_2    0x16007e00         0x00000200         xr
xip              0x18000000         0x08000000         xr
efuse            0x90700000         0x00100000         r
*default*        0x00000000         0xffffffff

Linker script and memory map

LOAD c:/program files (x86)/cypress/psoc creator/4.4/psoc creator/import/gnu/arm/5.4.1/bin/../lib/gcc/arm-none-eabi/5.4.1/armv7e-m/softfp/crti.o
LOAD c:/program files (x86)/cypress/psoc creator/4.4/psoc creator/import/gnu/arm/5.4.1/bin/../lib/gcc/arm-none-eabi/5.4.1/armv7e-m/softfp/crtbegin.o
LOAD c:/program files (x86)/cypress/psoc creator/4.4/psoc creator/import/gnu/arm/5.4.1/bin/../lib/gcc/arm-none-eabi/5.4.1/../../../../arm-none-eabi/lib/armv7e-m/softfp/crt0.o
START GROUP
LOAD Generated_Source\PSoC6\pdl\middleware\ble\lib\cy_ble_stack_gcc_host_ipc_cm4.a
LOAD Generated_Source\PSoC6\pdl\middleware\emWin\libs\libemWin_nosnts_gcc.a
LOAD Generated_Source\PSoC6\pdl\middleware\emWin\libs\libemWin_nosnts_cm4f_gcc.a
LOAD .\CortexM4\ARM_GCC_541\Debug\startup_psoc63_cm4.o
LOAD .\CortexM4\ARM_GCC_541\Debug\main_cm4.o
LOAD .\CortexM4\ARM_GCC_541\Debug\system_psoc63_cm4.o
LOAD .\CortexM4\ARM_GCC_541\Debug\BLEFindMe.o
LOAD .\CortexM4\ARM_GCC_541\Debug\debug.o
LOAD .\CortexM4\ARM_GCC_541\Debug\pervasive_eink_hardware_driver.o
LOAD .\CortexM4\ARM_GCC_541\Debug\cy_eink_library.o
LOAD .\CortexM4\ARM_GCC_541\Debug\cy_eink_psoc_interface.o
LOAD .\CortexM4\ARM_GCC_541\Debug\Cypress Logo Full Color_PNG_1bpp.o
LOAD .\CortexM4\ARM_GCC_541\Debug\GUIConf.o
LOAD .\CortexM4\ARM_GCC_541\Debug\GUI_X.o
LOAD .\CortexM4\ARM_GCC_541\Debug\LCDConf.o
LOAD .\CortexM4\ARM_GCC_541\Debug\stdio_user.o
LOAD .\CortexM4\ARM_GCC_541\Debug\cy_ipc_config.o
LOAD .\CortexM4\ARM_GCC_541\Debug\cyfitter_sysint_cfg.o
LOAD .\CortexM4\ARM_GCC_541\Debug\cymetadata.o
LOAD .\CortexM4\ARM_GCC_541\Debug\CY_EINK_SPIM.o
LOAD .\CortexM4\ARM_GCC_541\Debug\CY_EINK_Timer.o
LOAD .\CortexM4\ARM_GCC_541\Debug\cy_sysint.o
LOAD .\CortexM4\ARM_GCC_541\Debug\cy_ipc_drv.o
LOAD .\CortexM4\ARM_GCC_541\Debug\cy_ipc_sema.o
LOAD .\CortexM4\ARM_GCC_541\Debug\cy_ipc_pipe.o
LOAD .\CortexM4\ARM_GCC_541\Debug\cy_sysclk.o
LOAD .\CortexM4\ARM_GCC_541\Debug\cy_wdt.o
LOAD .\CortexM4\ARM_GCC_541\Debug\cy_tcpwm_counter.o
LOAD .\CortexM4\ARM_GCC_541\Debug\cy_tcpwm_pwm.o
LOAD .\CortexM4\ARM_GCC_541\Debug\cy_tcpwm_quaddec.o
LOAD .\CortexM4\ARM_GCC_541\Debug\cy_scb_common.o
LOAD .\CortexM4\ARM_GCC_541\Debug\cy_scb_i2c.o
LOAD .\CortexM4\ARM_GCC_541\Debug\cy_scb_ezi2c.o
LOAD .\CortexM4\ARM_GCC_541\Debug\cy_scb_spi.o
LOAD .\CortexM4\ARM_GCC_541\Debug\cy_scb_uart.o
LOAD .\CortexM4\ARM_GCC_541\Debug\cy_efuse.o
LOAD .\CortexM4\ARM_GCC_541\Debug\cy_flash.o
LOAD .\CortexM4\ARM_GCC_541\Debug\cy_gpio.o
LOAD .\CortexM4\ARM_GCC_541\Debug\cy_sysanalog.o
LOAD .\CortexM4\ARM_GCC_541\Debug\cy_syspm.o
LOAD .\CortexM4\ARM_GCC_541\Debug\cy_syslib.o
LOAD .\CortexM4\ARM_GCC_541\Debug\cy_syslib_gcc.o
LOAD .\CortexM4\ARM_GCC_541\Debug\cy_trigmux.o
LOAD .\CortexM4\ARM_GCC_541\Debug\cy_systick.o
LOAD .\CortexM4\ARM_GCC_541\Debug\cy_profile.o
LOAD .\CortexM4\ARM_GCC_541\Debug\cy_prot.o
LOAD .\CortexM4\ARM_GCC_541\Debug\cy_lvd.o
LOAD .\CortexM4\ARM_GCC_541\Debug\cy_ble_clk.o
LOAD .\CortexM4\ARM_GCC_541\Debug\cy_ble.o
LOAD .\CortexM4\ARM_GCC_541\Debug\cy_ble_hal_int.o
LOAD .\CortexM4\ARM_GCC_541\Debug\cy_ble_hal_pvt.o
LOAD .\CortexM4\ARM_GCC_541\Debug\cy_ble_gap.o
LOAD .\CortexM4\ARM_GCC_541\Debug\cy_ble_gatt.o
LOAD .\CortexM4\ARM_GCC_541\Debug\cy_ble_event_handler.o
LOAD .\CortexM4\ARM_GCC_541\Debug\cy_ble_ancs.o
LOAD .\CortexM4\ARM_GCC_541\Debug\cy_ble_ans.o
LOAD .\CortexM4\ARM_GCC_541\Debug\cy_ble_aios.o
LOAD .\CortexM4\ARM_GCC_541\Debug\cy_ble_bas.o
LOAD .\CortexM4\ARM_GCC_541\Debug\cy_ble_bcs.o
LOAD .\CortexM4\ARM_GCC_541\Debug\cy_ble_bls.o
LOAD .\CortexM4\ARM_GCC_541\Debug\cy_ble_bms.o
LOAD .\CortexM4\ARM_GCC_541\Debug\cy_ble_bts.o
LOAD .\CortexM4\ARM_GCC_541\Debug\cy_ble_cgms.o
LOAD .\CortexM4\ARM_GCC_541\Debug\cy_ble_cps.o
LOAD .\CortexM4\ARM_GCC_541\Debug\cy_ble_cscs.o
LOAD .\CortexM4\ARM_GCC_541\Debug\cy_ble_cts.o
LOAD .\CortexM4\ARM_GCC_541\Debug\cy_ble_custom.o
LOAD .\CortexM4\ARM_GCC_541\Debug\cy_ble_dis.o
LOAD .\CortexM4\ARM_GCC_541\Debug\cy_ble_ess.o
LOAD .\CortexM4\ARM_GCC_541\Debug\cy_ble_gls.o
LOAD .\CortexM4\ARM_GCC_541\Debug\cy_ble_hids.o
LOAD .\CortexM4\ARM_GCC_541\Debug\cy_ble_hps.o
LOAD .\CortexM4\ARM_GCC_541\Debug\cy_ble_hrs.o
LOAD .\CortexM4\ARM_GCC_541\Debug\cy_ble_hts.o
LOAD .\CortexM4\ARM_GCC_541\Debug\cy_ble_ias.o
LOAD .\CortexM4\ARM_GCC_541\Debug\cy_ble_ips.o
LOAD .\CortexM4\ARM_GCC_541\Debug\cy_ble_lls.o
LOAD .\CortexM4\ARM_GCC_541\Debug\cy_ble_lns.o
LOAD .\CortexM4\ARM_GCC_541\Debug\cy_ble_ndcs.o
LOAD .\CortexM4\ARM_GCC_541\Debug\cy_ble_plxs.o
LOAD .\CortexM4\ARM_GCC_541\Debug\cy_ble_pass.o
LOAD .\CortexM4\ARM_GCC_541\Debug\cy_ble_rscs.o
LOAD .\CortexM4\ARM_GCC_541\Debug\cy_ble_rtus.o
LOAD .\CortexM4\ARM_GCC_541\Debug\cy_ble_scps.o
LOAD .\CortexM4\ARM_GCC_541\Debug\cy_ble_tps.o
LOAD .\CortexM4\ARM_GCC_541\Debug\cy_ble_uds.o
LOAD .\CortexM4\ARM_GCC_541\Debug\cy_ble_wpts.o
LOAD .\CortexM4\ARM_GCC_541\Debug\cy_ble_wss.o
LOAD .\CortexM4\ARM_GCC_541\Debug\croutine.o
LOAD .\CortexM4\ARM_GCC_541\Debug\event_groups.o
LOAD .\CortexM4\ARM_GCC_541\Debug\list.o
LOAD .\CortexM4\ARM_GCC_541\Debug\queue.o
LOAD .\CortexM4\ARM_GCC_541\Debug\tasks.o
LOAD .\CortexM4\ARM_GCC_541\Debug\timers.o
LOAD .\CortexM4\ARM_GCC_541\Debug\stream_buffer.o
LOAD .\CortexM4\ARM_GCC_541\Debug\port.o
LOAD .\CortexM4\ARM_GCC_541\Debug\heap_1.o
LOAD .\CortexM4\ARM_GCC_541\Debug\retarget.o
LOAD .\CortexM4\ARM_GCC_541\Debug\BLE.o
LOAD .\CortexM4\ARM_GCC_541\Debug\BLE_config.o
LOAD .\CortexM4\ARM_GCC_541\Debug\BLE_ias_config.o
END GROUP
START GROUP
LOAD c:/program files (x86)/cypress/psoc creator/4.4/psoc creator/import/gnu/arm/5.4.1/bin/../lib/gcc/arm-none-eabi/5.4.1/armv7e-m/softfp\libgcc.a
LOAD c:/program files (x86)/cypress/psoc creator/4.4/psoc creator/import/gnu/arm/5.4.1/bin/../lib/gcc/arm-none-eabi/5.4.1/../../../../arm-none-eabi/lib/armv7e-m/softfp\libg_nano.a
LOAD c:/program files (x86)/cypress/psoc creator/4.4/psoc creator/import/gnu/arm/5.4.1/bin/../lib/gcc/arm-none-eabi/5.4.1/../../../../arm-none-eabi/lib/armv7e-m/softfp\libc_nano.a
END GROUP
START GROUP
LOAD c:/program files (x86)/cypress/psoc creator/4.4/psoc creator/import/gnu/arm/5.4.1/bin/../lib/gcc/arm-none-eabi/5.4.1/armv7e-m/softfp\libgcc.a
LOAD c:/program files (x86)/cypress/psoc creator/4.4/psoc creator/import/gnu/arm/5.4.1/bin/../lib/gcc/arm-none-eabi/5.4.1/../../../../arm-none-eabi/lib/armv7e-m/softfp\libc_nano.a
END GROUP
LOAD c:/program files (x86)/cypress/psoc creator/4.4/psoc creator/import/gnu/arm/5.4.1/bin/../lib/gcc/arm-none-eabi/5.4.1/armv7e-m/softfp/crtend.o
LOAD c:/program files (x86)/cypress/psoc creator/4.4/psoc creator/import/gnu/arm/5.4.1/bin/../lib/gcc/arm-none-eabi/5.4.1/armv7e-m/softfp/crtn.o
START GROUP
LOAD c:/program files (x86)/cypress/psoc creator/4.4/psoc creator/import/gnu/arm/5.4.1/bin/../lib/gcc/arm-none-eabi/5.4.1/armv7e-m/softfp\libgcc.a
LOAD c:/program files (x86)/cypress/psoc creator/4.4/psoc creator/import/gnu/arm/5.4.1/bin/../lib/gcc/arm-none-eabi/5.4.1/../../../../arm-none-eabi/lib/armv7e-m/softfp\libc.a
LOAD c:/program files (x86)/cypress/psoc creator/4.4/psoc creator/import/gnu/arm/5.4.1/bin/../lib/gcc/arm-none-eabi/5.4.1/../../../../arm-none-eabi/lib/armv7e-m/softfp\libnosys.a
END GROUP
START GROUP
LOAD c:/program files (x86)/cypress/psoc creator/4.4/psoc creator/import/gnu/arm/5.4.1/bin/../lib/gcc/arm-none-eabi/5.4.1/armv7e-m/softfp\libgcc.a
LOAD c:/program files (x86)/cypress/psoc creator/4.4/psoc creator/import/gnu/arm/5.4.1/bin/../lib/gcc/arm-none-eabi/5.4.1/../../../../arm-none-eabi/lib/armv7e-m/softfp\libc.a
LOAD c:/program files (x86)/cypress/psoc creator/4.4/psoc creator/import/gnu/arm/5.4.1/bin/../lib/gcc/arm-none-eabi/5.4.1/../../../../arm-none-eabi/lib/armv7e-m/softfp\libm.a
LOAD c:/program files (x86)/cypress/psoc creator/4.4/psoc creator/import/gnu/arm/5.4.1/bin/../lib/gcc/arm-none-eabi/5.4.1/../../../../arm-none-eabi/lib/armv7e-m/softfp\libnosys.a
END GROUP

.text           0x10080000     0xd3dc
                0x10080000                . = ALIGN (0x4)
                0x10080000                __Vectors = .
 *(.vectors)
 .vectors       0x10080000      0x28c .\CortexM4\ARM_GCC_541\Debug\startup_psoc63_cm4.o
                0x1008028c                . = ALIGN (0x4)
                0x1008028c                __Vectors_End = .
                0x0000028c                __Vectors_Size = (__Vectors_End - __Vectors)
                0x1008028c                __end__ = .
                0x1008028c                . = ALIGN (0x4)
 *(.text*)
 .text          0x1008028c       0x5c c:/program files (x86)/cypress/psoc creator/4.4/psoc creator/import/gnu/arm/5.4.1/bin/../lib/gcc/arm-none-eabi/5.4.1/armv7e-m/softfp/crtbegin.o
 .text          0x100802e8       0x94 .\CortexM4\ARM_GCC_541\Debug\startup_psoc63_cm4.o
                0x100802e8                Cy_OnResetUser
                0x100802ea                Cy_SaveIRQ
                0x100802f2                Cy_RestoreIRQ
                0x100802f8                Reset_Handler
                0x1008035c                tcpwm_1_interrupts_11_IRQHandler
                0x1008035c                cpuss_interrupts_ipc_0_IRQHandler
                0x1008035c                tcpwm_1_interrupts_15_IRQHandler
                0x1008035c                ioss_interrupts_gpio_13_IRQHandler
                0x1008035c                tcpwm_1_interrupts_13_IRQHandler
                0x1008035c                cpuss_interrupts_dw1_8_IRQHandler
                0x1008035c                tcpwm_0_interrupts_0_IRQHandler
                0x1008035c                cpuss_interrupt_fm_IRQHandler
                0x1008035c                cpuss_interrupts_ipc_7_IRQHandler
                0x1008035c                tcpwm_1_interrupts_14_IRQHandler
                0x1008035c                cpuss_interrupts_dw0_11_IRQHandler
                0x1008035c                tcpwm_1_interrupts_9_IRQHandler
                0x1008035c                cpuss_interrupts_cm0_cti_1_IRQHandler
                0x1008035c                tcpwm_1_interrupts_22_IRQHandler
                0x1008035c                cpuss_interrupts_dw0_4_IRQHandler
                0x1008035c                NMI_Handler
                0x1008035c                cpuss_interrupts_dw1_12_IRQHandler
                0x1008035c                tcpwm_1_interrupts_12_IRQHandler
                0x1008035c                smif_interrupt_IRQHandler
                0x1008035c                tcpwm_1_interrupts_2_IRQHandler
                0x1008035c                cpuss_interrupts_ipc_13_IRQHandler
                0x1008035c                udb_interrupts_11_IRQHandler
                0x1008035c                tcpwm_1_interrupts_18_IRQHandler
                0x1008035c                cpuss_interrupts_ipc_6_IRQHandler
                0x1008035c                tcpwm_0_interrupts_2_IRQHandler
                0x1008035c                cpuss_interrupts_dw0_13_IRQHandler
                0x1008035c                udb_interrupts_2_IRQHandler
                0x1008035c                cpuss_interrupts_dw1_7_IRQHandler
                0x1008035c                ioss_interrupts_gpio_1_IRQHandler
                0x1008035c                ioss_interrupts_gpio_7_IRQHandler
                0x1008035c                scb_5_interrupt_IRQHandler
                0x1008035c                udb_interrupts_6_IRQHandler
                0x1008035c                cpuss_interrupts_fault_1_IRQHandler
                0x1008035c                cpuss_interrupts_ipc_4_IRQHandler
                0x1008035c                cpuss_interrupts_ipc_5_IRQHandler
                0x1008035c                cpuss_interrupts_dw1_10_IRQHandler
                0x1008035c                udb_interrupts_0_IRQHandler
                0x1008035c                tcpwm_1_interrupts_6_IRQHandler
                0x1008035c                scb_4_interrupt_IRQHandler
                0x1008035c                pass_interrupt_dacs_IRQHandler
                0x1008035c                ioss_interrupts_gpio_2_IRQHandler
                0x1008035c                cpuss_interrupts_dw1_9_IRQHandler
                0x1008035c                cpuss_interrupts_dw1_13_IRQHandler
                0x1008035c                scb_2_interrupt_IRQHandler
                0x1008035c                cpuss_interrupts_cm0_cti_0_IRQHandler
                0x1008035c                udb_interrupts_5_IRQHandler
                0x1008035c                srss_interrupt_IRQHandler
                0x1008035c                udb_interrupts_12_IRQHandler
                0x1008035c                scb_0_interrupt_IRQHandler
                0x1008035c                csd_interrupt_IRQHandler
                0x1008035c                udb_interrupts_1_IRQHandler
                0x1008035c                profile_interrupt_IRQHandler
                0x1008035c                tcpwm_1_interrupts_1_IRQHandler
                0x1008035c                cpuss_interrupts_ipc_12_IRQHandler
                0x1008035c                tcpwm_1_interrupts_3_IRQHandler
                0x1008035c                tcpwm_0_interrupts_7_IRQHandler
                0x1008035c                cpuss_interrupts_dw1_1_IRQHandler
                0x1008035c                cpuss_interrupts_dw1_0_IRQHandler
                0x1008035c                cpuss_interrupts_dw0_9_IRQHandler
                0x1008035c                DebugMon_Handler
                0x1008035c                tcpwm_1_interrupts_23_IRQHandler
                0x1008035c                cpuss_interrupts_dw0_5_IRQHandler
                0x1008035c                tcpwm_1_interrupts_20_IRQHandler
                0x1008035c                ioss_interrupt_gpio_IRQHandler
                0x1008035c                tcpwm_0_interrupts_1_IRQHandler
                0x1008035c                ioss_interrupts_gpio_8_IRQHandler
                0x1008035c                tcpwm_0_interrupts_6_IRQHandler
                0x1008035c                scb_7_interrupt_IRQHandler
                0x1008035c                tcpwm_1_interrupts_7_IRQHandler
                0x1008035c                cpuss_interrupts_ipc_11_IRQHandler
                0x1008035c                udb_interrupts_13_IRQHandler
                0x1008035c                cpuss_interrupts_dw0_15_IRQHandler
                0x1008035c                udb_interrupts_7_IRQHandler
                0x1008035c                cpuss_interrupts_dw1_6_IRQHandler
                0x1008035c                cpuss_interrupt_crypto_IRQHandler
                0x1008035c                scb_1_interrupt_IRQHandler
                0x1008035c                Default_Handler
                0x1008035c                usb_interrupt_hi_IRQHandler
                0x1008035c                tcpwm_1_interrupts_0_IRQHandler
                0x1008035c                udb_interrupts_9_IRQHandler
                0x1008035c                audioss_interrupt_pdm_IRQHandler
                0x1008035c                srss_interrupt_mcwdt_0_IRQHandler
                0x1008035c                scb_3_interrupt_IRQHandler
                0x1008035c                pass_interrupt_ctbs_IRQHandler
                0x1008035c                udb_interrupts_8_IRQHandler
                0x1008035c                ioss_interrupts_gpio_3_IRQHandler
                0x1008035c                scb_6_interrupt_IRQHandler
                0x1008035c                cpuss_interrupts_cm4_cti_0_IRQHandler
                0x1008035c                cpuss_interrupts_dw1_3_IRQHandler
                0x1008035c                pass_interrupt_sar_IRQHandler
                0x1008035c                ioss_interrupts_gpio_0_IRQHandler
                0x1008035c                ioss_interrupts_gpio_14_IRQHandler
                0x1008035c                tcpwm_0_interrupts_4_IRQHandler
                0x1008035c                udb_interrupts_3_IRQHandler
                0x1008035c                tcpwm_0_interrupts_5_IRQHandler
                0x1008035c                cpuss_interrupts_ipc_15_IRQHandler
                0x1008035c                cpuss_interrupts_cm4_cti_1_IRQHandler
                0x1008035c                scb_8_interrupt_IRQHandler
                0x1008035c                srss_interrupt_mcwdt_1_IRQHandler
                0x1008035c                cpuss_interrupts_dw1_2_IRQHandler
                0x1008035c                cpuss_interrupts_dw1_5_IRQHandler
                0x1008035c                cpuss_interrupts_ipc_1_IRQHandler
                0x1008035c                cpuss_interrupts_dw0_0_IRQHandler
                0x1008035c                ioss_interrupts_gpio_12_IRQHandler
                0x1008035c                cpuss_interrupts_ipc_3_IRQHandler
                0x1008035c                tcpwm_1_interrupts_17_IRQHandler
                0x1008035c                srss_interrupt_backup_IRQHandler
                0x1008035c                bless_interrupt_IRQHandler
                0x1008035c                cpuss_interrupts_ipc_10_IRQHandler
                0x1008035c                cpuss_interrupts_ipc_9_IRQHandler
                0x1008035c                cpuss_interrupts_dw0_14_IRQHandler
                0x1008035c                tcpwm_1_interrupts_4_IRQHandler
                0x1008035c                tcpwm_0_interrupts_3_IRQHandler
                0x1008035c                cpuss_interrupts_dw1_15_IRQHandler
                0x1008035c                ioss_interrupts_gpio_10_IRQHandler
                0x1008035c                udb_interrupts_10_IRQHandler
                0x1008035c                cpuss_interrupts_dw0_8_IRQHandler
                0x1008035c                ioss_interrupts_gpio_11_IRQHandler
                0x1008035c                cpuss_interrupts_ipc_14_IRQHandler
                0x1008035c                ioss_interrupts_gpio_5_IRQHandler
                0x1008035c                ioss_interrupts_gpio_4_IRQHandler
                0x1008035c                tcpwm_1_interrupts_8_IRQHandler
                0x1008035c                cpuss_interrupts_dw1_14_IRQHandler
                0x1008035c                usb_interrupt_med_IRQHandler
                0x1008035c                cpuss_interrupts_dw0_2_IRQHandler
                0x1008035c                udb_interrupts_4_IRQHandler
                0x1008035c                tcpwm_1_interrupts_10_IRQHandler
                0x1008035c                cpuss_interrupts_fault_0_IRQHandler
                0x1008035c                cpuss_interrupts_dw0_12_IRQHandler
                0x1008035c                ioss_interrupts_gpio_6_IRQHandler
                0x1008035c                tcpwm_1_interrupts_21_IRQHandler
                0x1008035c                tcpwm_1_interrupts_16_IRQHandler
                0x1008035c                cpuss_interrupts_dw1_4_IRQHandler
                0x1008035c                udb_interrupts_15_IRQHandler
                0x1008035c                cpuss_interrupts_dw1_11_IRQHandler
                0x1008035c                cpuss_interrupts_dw0_6_IRQHandler
                0x1008035c                ioss_interrupt_vdd_IRQHandler
                0x1008035c                cpuss_interrupts_dw0_7_IRQHandler
                0x1008035c                audioss_interrupt_i2s_IRQHandler
                0x1008035c                tcpwm_1_interrupts_5_IRQHandler
                0x1008035c                cpuss_interrupts_ipc_2_IRQHandler
                0x1008035c                cpuss_interrupts_dw0_10_IRQHandler
                0x1008035c                tcpwm_1_interrupts_19_IRQHandler
                0x1008035c                cpuss_interrupts_dw0_1_IRQHandler
                0x1008035c                lpcomp_interrupt_IRQHandler
                0x1008035c                ioss_interrupts_gpio_9_IRQHandler
                0x1008035c                usb_interrupt_lo_IRQHandler
                0x1008035c                cpuss_interrupts_ipc_8_IRQHandler
                0x1008035c                udb_interrupts_14_IRQHandler
                0x1008035c                cpuss_interrupts_dw0_3_IRQHandler
                0x10080360                UsageFault_Handler
                0x10080360                HardFault_Handler
                0x10080360                MemManage_Handler
                0x10080360                BusFault_Handler
 .text.UpdateDisplay
                0x1008037c       0x34 .\CortexM4\ARM_GCC_541\Debug\main_cm4.o
                0x1008037c                UpdateDisplay
 .text.ShowStartupScreen
                0x100803b0       0xc0 .\CortexM4\ARM_GCC_541\Debug\main_cm4.o
                0x100803b0                ShowStartupScreen
 .text.main     0x10080470       0x24 .\CortexM4\ARM_GCC_541\Debug\main_cm4.o
                0x10080470                main
 .text.Cy_SystemInit
                0x10080494        0x4 .\CortexM4\ARM_GCC_541\Debug\system_psoc63_cm4.o
                0x10080494                Cy_SystemInit
 .text.SystemCoreClockUpdate
                0x10080498      0x190 .\CortexM4\ARM_GCC_541\Debug\system_psoc63_cm4.o
                0x10080498                SystemCoreClockUpdate
 .text.SystemInit
                0x10080628       0x48 .\CortexM4\ARM_GCC_541\Debug\system_psoc63_cm4.o
                0x10080628                SystemInit
 .text.Cy_SystemInitFpuEnable
                0x10080670       0x28 .\CortexM4\ARM_GCC_541\Debug\system_psoc63_cm4.o
                0x10080670                Cy_SystemInitFpuEnable
 .text.StackEventHandler
                0x10080698      0x150 .\CortexM4\ARM_GCC_541\Debug\BLEFindMe.o
                0x10080698                StackEventHandler
 .text.IasEventHandler
                0x100807e8       0x1c .\CortexM4\ARM_GCC_541\Debug\BLEFindMe.o
                0x100807e8                IasEventHandler
 .text.BleFindMe_Init
                0x10080804       0x38 .\CortexM4\ARM_GCC_541\Debug\BLEFindMe.o
                0x10080804                BleFindMe_Init
 .text.EnterLowPowerMode
                0x1008083c        0xc .\CortexM4\ARM_GCC_541\Debug\BLEFindMe.o
                0x1008083c                EnterLowPowerMode
 .text.BleFindMe_Process
                0x10080848       0x74 .\CortexM4\ARM_GCC_541\Debug\BLEFindMe.o
                0x10080848                BleFindMe_Process
 .text.ShowError
                0x100808bc       0x2c .\CortexM4\ARM_GCC_541\Debug\debug.o
                0x100808bc                ShowError
 .text.Pv_EINK_SendData
                0x100808e8       0x4c .\CortexM4\ARM_GCC_541\Debug\pervasive_eink_hardware_driver.o
                0x100808e8                Pv_EINK_SendData
 .text.Pv_EINK_SendByte
                0x10080934       0x18 .\CortexM4\ARM_GCC_541\Debug\pervasive_eink_hardware_driver.o
                0x10080934                Pv_EINK_SendByte
 .text.Pv_EINK_ReadByte
                0x1008094c       0x30 .\CortexM4\ARM_GCC_541\Debug\pervasive_eink_hardware_driver.o
                0x1008094c                Pv_EINK_ReadByte
 .text.Pv_EINK_Init
                0x1008097c       0x34 .\CortexM4\ARM_GCC_541\Debug\pervasive_eink_hardware_driver.o
                0x1008097c                Pv_EINK_Init
 .text.Pv_EINK_InitDriver
                0x100809b0      0x118 .\CortexM4\ARM_GCC_541\Debug\pervasive_eink_hardware_driver.o
                0x100809b0                Pv_EINK_InitDriver
 .text.Pv_EINK_SetTempFactor
                0x10080ac8       0x58 .\CortexM4\ARM_GCC_541\Debug\pervasive_eink_hardware_driver.o
                0x10080ac8                Pv_EINK_SetTempFactor
 .text.Pv_EINK_FullStageHandler
                0x10080b20      0x424 .\CortexM4\ARM_GCC_541\Debug\pervasive_eink_hardware_driver.o
                0x10080b20                Pv_EINK_FullStageHandler
 .text.Pv_EINK_PartialStageHandler
                0x10080f44      0x228 .\CortexM4\ARM_GCC_541\Debug\pervasive_eink_hardware_driver.o
                0x10080f44                Pv_EINK_PartialStageHandler
 .text.Pv_EINK_NothingFrame
                0x1008116c       0x5c .\CortexM4\ARM_GCC_541\Debug\pervasive_eink_hardware_driver.o
                0x1008116c                Pv_EINK_NothingFrame
 .text.Pv_EINK_DummyLine
                0x100811c8       0x34 .\CortexM4\ARM_GCC_541\Debug\pervasive_eink_hardware_driver.o
                0x100811c8                Pv_EINK_DummyLine
 .text.Pv_EINK_HardwarePowerOn
                0x100811fc       0x44 .\CortexM4\ARM_GCC_541\Debug\pervasive_eink_hardware_driver.o
                0x100811fc                Pv_EINK_HardwarePowerOn
 .text.Pv_EINK_HardwarePowerOff
                0x10081240       0xa8 .\CortexM4\ARM_GCC_541\Debug\pervasive_eink_hardware_driver.o
                0x10081240                Pv_EINK_HardwarePowerOff
 .text.Cy_EINK_Start
                0x100812e8       0x10 .\CortexM4\ARM_GCC_541\Debug\cy_eink_library.o
                0x100812e8                Cy_EINK_Start
 .text.Cy_EINK_Power
                0x100812f8       0x18 .\CortexM4\ARM_GCC_541\Debug\cy_eink_library.o
                0x100812f8                Cy_EINK_Power
 .text.Cy_EINK_ShowFrame
                0x10081310       0x54 .\CortexM4\ARM_GCC_541\Debug\cy_eink_library.o
                0x10081310                Cy_EINK_ShowFrame
 .text.Cy_EINK_TimerInit
                0x10081364       0x14 .\CortexM4\ARM_GCC_541\Debug\cy_eink_psoc_interface.o
                0x10081364                Cy_EINK_TimerInit
 .text.Cy_EINK_GetTimeTick
                0x10081378        0xc .\CortexM4\ARM_GCC_541\Debug\cy_eink_psoc_interface.o
                0x10081378                Cy_EINK_GetTimeTick
 .text.Cy_EINK_TimerStop
                0x10081384        0xc .\CortexM4\ARM_GCC_541\Debug\cy_eink_psoc_interface.o
                0x10081384                Cy_EINK_TimerStop
 .text.Cy_EINK_InitSPI
                0x10081390       0x30 .\CortexM4\ARM_GCC_541\Debug\cy_eink_psoc_interface.o
                0x10081390                Cy_EINK_InitSPI
 .text.Cy_EINK_AttachSPI
                0x100813c0       0x1c .\CortexM4\ARM_GCC_541\Debug\cy_eink_psoc_interface.o
                0x100813c0                Cy_EINK_AttachSPI
 .text.Cy_EINK_DetachSPI
                0x100813dc       0x14 .\CortexM4\ARM_GCC_541\Debug\cy_eink_psoc_interface.o
                0x100813dc                Cy_EINK_DetachSPI
 .text.Cy_EINK_WriteSPI
                0x100813f0       0x60 .\CortexM4\ARM_GCC_541\Debug\cy_eink_psoc_interface.o
                0x100813f0                Cy_EINK_WriteSPI
 .text.Cy_EINK_ReadSPI
                0x10081450       0x68 .\CortexM4\ARM_GCC_541\Debug\cy_eink_psoc_interface.o
                0x10081450                Cy_EINK_ReadSPI
 .text.Cy_EINK_IsBusy
                0x100814b8       0x18 .\CortexM4\ARM_GCC_541\Debug\cy_eink_psoc_interface.o
                0x100814b8                Cy_EINK_IsBusy
 .text.GUI_X_Config
                0x100814d0       0x1c .\CortexM4\ARM_GCC_541\Debug\GUIConf.o
                0x100814d0                GUI_X_Config
 .text.GUI_X_Systick_Intr
                0x100814ec       0x10 .\CortexM4\ARM_GCC_541\Debug\GUI_X.o
                0x100814ec                GUI_X_Systick_Intr
 .text.GUI_X_Systick_Init
                0x100814fc       0x40 .\CortexM4\ARM_GCC_541\Debug\GUI_X.o
                0x100814fc                GUI_X_Systick_Init
 .text.GUI_X_Init
                0x1008153c        0x8 .\CortexM4\ARM_GCC_541\Debug\GUI_X.o
                0x1008153c                GUI_X_Init
 .text.LCD_X_Config
                0x10081544       0x70 .\CortexM4\ARM_GCC_541\Debug\LCDConf.o
                0x10081544                LCD_X_Config
 .text.LCD_X_DisplayDriver
                0x100815b4       0x10 .\CortexM4\ARM_GCC_541\Debug\LCDConf.o
                0x100815b4                LCD_X_DisplayDriver
 .text.LCD_CopyDisplayBuffer
                0x100815c4       0x18 .\CortexM4\ARM_GCC_541\Debug\LCDConf.o
                0x100815c4                LCD_CopyDisplayBuffer
 .text.Cy_IPC_SystemPipeIsr
                0x100815dc        0xc .\CortexM4\ARM_GCC_541\Debug\cy_ipc_config.o
 .text.Cy_IPC_SystemSemaInit
                0x100815e8       0x10 .\CortexM4\ARM_GCC_541\Debug\cy_ipc_config.o
                0x100815e8                Cy_IPC_SystemSemaInit
 .text.Cy_IPC_SystemPipeInit
                0x100815f8       0x24 .\CortexM4\ARM_GCC_541\Debug\cy_ipc_config.o
                0x100815f8                Cy_IPC_SystemPipeInit
 .text.CY_EINK_Timer_Start
                0x1008161c       0x30 .\CortexM4\ARM_GCC_541\Debug\CY_EINK_Timer.o
                0x1008161c                CY_EINK_Timer_Start
 .text.Cy_SysInt_SetVector
                0x1008164c       0x44 .\CortexM4\ARM_GCC_541\Debug\cy_sysint.o
                0x1008164c                Cy_SysInt_SetVector
 .text.Cy_SysInt_Init
                0x10081690       0x7c .\CortexM4\ARM_GCC_541\Debug\cy_sysint.o
                0x10081690                Cy_SysInt_Init
 .text.Cy_IPC_Drv_LockRelease
                0x1008170c       0x30 .\CortexM4\ARM_GCC_541\Debug\cy_ipc_drv.o
                0x1008170c                Cy_IPC_Drv_LockRelease
 .text.Cy_IPC_Drv_SendMsgWord
                0x1008173c       0x3c .\CortexM4\ARM_GCC_541\Debug\cy_ipc_drv.o
                0x1008173c                Cy_IPC_Drv_SendMsgWord
 .text.Cy_IPC_Drv_ReadMsgWord
                0x10081778       0x2c .\CortexM4\ARM_GCC_541\Debug\cy_ipc_drv.o
                0x10081778                Cy_IPC_Drv_ReadMsgWord
 .text.Cy_IPC_Sema_Init
                0x100817a4       0xb0 .\CortexM4\ARM_GCC_541\Debug\cy_ipc_sema.o
                0x100817a4                Cy_IPC_Sema_Init
 .text.Cy_IPC_Sema_Clear
                0x10081854       0x88 .\CortexM4\ARM_GCC_541\Debug\cy_ipc_sema.o
                0x10081854                Cy_IPC_Sema_Clear
 .text.Cy_IPC_Sema_Status
                0x100818dc       0x40 .\CortexM4\ARM_GCC_541\Debug\cy_ipc_sema.o
                0x100818dc                Cy_IPC_Sema_Status
 .text.Cy_IPC_Pipe_Config
                0x1008191c       0x10 .\CortexM4\ARM_GCC_541\Debug\cy_ipc_pipe.o
                0x1008191c                Cy_IPC_Pipe_Config
 .text.Cy_IPC_Pipe_EndpointInit
                0x1008192c       0xc8 .\CortexM4\ARM_GCC_541\Debug\cy_ipc_pipe.o
                0x1008192c                Cy_IPC_Pipe_EndpointInit
 .text.Cy_IPC_Pipe_Init
                0x100819f4       0xc4 .\CortexM4\ARM_GCC_541\Debug\cy_ipc_pipe.o
                0x100819f4                Cy_IPC_Pipe_Init
 .text.Cy_IPC_Pipe_SendMessage
                0x10081ab8       0xc0 .\CortexM4\ARM_GCC_541\Debug\cy_ipc_pipe.o
                0x10081ab8                Cy_IPC_Pipe_SendMessage
 .text.Cy_IPC_Pipe_RegisterCallback
                0x10081b78       0x60 .\CortexM4\ARM_GCC_541\Debug\cy_ipc_pipe.o
                0x10081b78                Cy_IPC_Pipe_RegisterCallback
 .text.Cy_IPC_Pipe_RegisterCallbackRel
                0x10081bd8       0x3c .\CortexM4\ARM_GCC_541\Debug\cy_ipc_pipe.o
                0x10081bd8                Cy_IPC_Pipe_RegisterCallbackRel
 .text.Cy_IPC_Pipe_ExecCallback
                0x10081c14       0xb0 .\CortexM4\ARM_GCC_541\Debug\cy_ipc_pipe.o
                0x10081c14                Cy_IPC_Pipe_ExecCallback
 .text.Cy_IPC_Pipe_ExecuteCallback
                0x10081cc4       0x3c .\CortexM4\ARM_GCC_541\Debug\cy_ipc_pipe.o
                0x10081cc4                Cy_IPC_Pipe_ExecuteCallback
 .text.Cy_IPC_Pipe_EndpointPause
                0x10081d00       0x60 .\CortexM4\ARM_GCC_541\Debug\cy_ipc_pipe.o
                0x10081d00                Cy_IPC_Pipe_EndpointPause
 .text.Cy_IPC_Pipe_EndpointResume
                0x10081d60       0x58 .\CortexM4\ARM_GCC_541\Debug\cy_ipc_pipe.o
                0x10081d60                Cy_IPC_Pipe_EndpointResume
 .text.Cy_TCPWM_Counter_Init
                0x10081db8      0x110 .\CortexM4\ARM_GCC_541\Debug\cy_tcpwm_counter.o
                0x10081db8                Cy_TCPWM_Counter_Init
 .text.Cy_SCB_Write
                0x10081ec8       0x28 .\CortexM4\ARM_GCC_541\Debug\cy_scb_common.o
                0x10081ec8                Cy_SCB_Write
 .text.Cy_SCB_SPI_Init
                0x10081ef0      0x28c .\CortexM4\ARM_GCC_541\Debug\cy_scb_spi.o
                0x10081ef0                Cy_SCB_SPI_Init
 .text.Cy_SCB_SPI_Disable
                0x1008217c       0x24 .\CortexM4\ARM_GCC_541\Debug\cy_scb_spi.o
                0x1008217c                Cy_SCB_SPI_Disable
 .text.Cy_Flash_ProcessOpcode
                0x100821a0       0xac .\CortexM4\ARM_GCC_541\Debug\cy_flash.o
 .text.Cy_Flash_OperationStatus
                0x1008224c       0x44 .\CortexM4\ARM_GCC_541\Debug\cy_flash.o
 .text.Cy_Flash_Init
                0x10082290       0x4c .\CortexM4\ARM_GCC_541\Debug\cy_flash.o
                0x10082290                Cy_Flash_Init
 .text.SaveRegisters
                0x100822dc       0x48 .\CortexM4\ARM_GCC_541\Debug\cy_syspm.o
 .text.RestoreRegisters
                0x10082324       0x48 .\CortexM4\ARM_GCC_541\Debug\cy_syspm.o
 .text.Cy_SysPm_SetHibernateWakeupSource
                0x1008236c       0x6c .\CortexM4\ARM_GCC_541\Debug\cy_syspm.o
                0x1008236c                Cy_SysPm_SetHibernateWakeupSource
 .text.Cy_SysPm_RegisterCallback
                0x100823d8       0x70 .\CortexM4\ARM_GCC_541\Debug\cy_syspm.o
                0x100823d8                Cy_SysPm_RegisterCallback
 .text.Cy_SysPm_UnregisterCallback
                0x10082448       0x60 .\CortexM4\ARM_GCC_541\Debug\cy_syspm.o
                0x10082448                Cy_SysPm_UnregisterCallback
 .text.Cy_SysPm_ExecuteCallback
                0x100824a8       0xc0 .\CortexM4\ARM_GCC_541\Debug\cy_syspm.o
                0x100824a8                Cy_SysPm_ExecuteCallback
 .text.Cy_SysPm_DeepSleep
                0x10082568      0x10c .\CortexM4\ARM_GCC_541\Debug\cy_syspm.o
                0x10082568                Cy_SysPm_DeepSleep
 .text.Cy_SysPm_IoFreeze
                0x10082674       0x34 .\CortexM4\ARM_GCC_541\Debug\cy_syspm.o
                0x10082674                Cy_SysPm_IoFreeze
 .text.Cy_SysPm_Hibernate
                0x100826a8       0x6c .\CortexM4\ARM_GCC_541\Debug\cy_syspm.o
                0x100826a8                Cy_SysPm_Hibernate
 .text.Cy_SysLib_Delay
                0x10082714       0x30 .\CortexM4\ARM_GCC_541\Debug\cy_syslib.o
                0x10082714                Cy_SysLib_Delay
 .text.Cy_SysLib_Halt
                0x10082744        0x4 .\CortexM4\ARM_GCC_541\Debug\cy_syslib.o
                0x10082744                Cy_SysLib_Halt
 .text.Cy_SysLib_AssertFailed
                0x10082748       0x1c .\CortexM4\ARM_GCC_541\Debug\cy_syslib.o
                0x10082748                Cy_SysLib_AssertFailed
 .text.Cy_SysLib_ProcessingFault
                0x10082764        0x4 .\CortexM4\ARM_GCC_541\Debug\cy_syslib.o
                0x10082764                Cy_SysLib_ProcessingFault
 .text.Cy_SysLib_FaultHandler
                0x10082768       0xa4 .\CortexM4\ARM_GCC_541\Debug\cy_syslib.o
                0x10082768                Cy_SysLib_FaultHandler
 *fill*         0x1008280c        0x4 
 .text          0x10082810       0x20 .\CortexM4\ARM_GCC_541\Debug\cy_syslib_gcc.o
                0x10082810                Cy_SysLib_DelayCycles
                0x10082822                Cy_SysLib_EnterCriticalSection
                0x1008282a                Cy_SysLib_ExitCriticalSection
 .text.Cy_SysTick_ServiceCallbacks
                0x10082830       0x2c .\CortexM4\ARM_GCC_541\Debug\cy_systick.o
 .text.Cy_SysTick_Enable
                0x1008285c       0x18 .\CortexM4\ARM_GCC_541\Debug\cy_systick.o
                0x1008285c                Cy_SysTick_Enable
 .text.Cy_SysTick_SetClockSource
                0x10082874       0x30 .\CortexM4\ARM_GCC_541\Debug\cy_systick.o
                0x10082874                Cy_SysTick_SetClockSource
 .text.Cy_SysTick_Init
                0x100828a4       0x44 .\CortexM4\ARM_GCC_541\Debug\cy_systick.o
                0x100828a4                Cy_SysTick_Init
 .text.Cy_SysTick_SetCallback
                0x100828e8       0x1c .\CortexM4\ARM_GCC_541\Debug\cy_systick.o
                0x100828e8                Cy_SysTick_SetCallback
 .text.Cy_SysTick_GetCallback
                0x10082904       0x14 .\CortexM4\ARM_GCC_541\Debug\cy_systick.o
                0x10082904                Cy_SysTick_GetCallback
 .text.Cy_BLE_DeepSleepCallback
                0x10082918       0x8c .\CortexM4\ARM_GCC_541\Debug\cy_ble.o
                0x10082918                Cy_BLE_DeepSleepCallback
 .text.Cy_BLE_SleepCallback
                0x100829a4       0x68 .\CortexM4\ARM_GCC_541\Debug\cy_ble.o
                0x100829a4                Cy_BLE_SleepCallback
 .text.Cy_BLE_UnregisterHostPMCallbacks
                0x10082a0c       0x18 .\CortexM4\ARM_GCC_541\Debug\cy_ble.o
                0x10082a0c                Cy_BLE_UnregisterHostPMCallbacks
 .text.Cy_BLE_Init
                0x10082a24       0x58 .\CortexM4\ARM_GCC_541\Debug\cy_ble.o
                0x10082a24                Cy_BLE_Init
 .text.Cy_BLE_Enable
                0x10082a7c      0x100 .\CortexM4\ARM_GCC_541\Debug\cy_ble.o
                0x10082a7c                Cy_BLE_Enable
 .text.Cy_BLE_Disable
                0x10082b7c        0x8 .\CortexM4\ARM_GCC_541\Debug\cy_ble.o
                0x10082b7c                Cy_BLE_Disable
 .text.Cy_BLE_IPC_HostMsgFlushRecvCallBack
                0x10082b84       0x1c .\CortexM4\ARM_GCC_541\Debug\cy_ble_hal_pvt.o
 .text.Cy_BLE_IPC_HostMsgRecvCallBack
                0x10082ba0       0x1c .\CortexM4\ARM_GCC_541\Debug\cy_ble_hal_pvt.o
 .text.Cy_BLE_HAL_BlockCalcCRC8
                0x10082bbc       0x34 .\CortexM4\ARM_GCC_541\Debug\cy_ble_hal_pvt.o
                0x10082bbc                Cy_BLE_HAL_BlockCalcCRC8
 .text.Cy_BLE_HAL_CalcCRC8
                0x10082bf0        0xc .\CortexM4\ARM_GCC_541\Debug\cy_ble_hal_pvt.o
                0x10082bf0                Cy_BLE_HAL_CalcCRC8
 .text.Cy_BLE_HAL_EnterCriticalSection
                0x10082bfc        0x8 .\CortexM4\ARM_GCC_541\Debug\cy_ble_hal_pvt.o
                0x10082bfc                Cy_BLE_HAL_EnterCriticalSection
 .text.Cy_BLE_HAL_ExitCriticalSection
                0x10082c04        0x8 .\CortexM4\ARM_GCC_541\Debug\cy_ble_hal_pvt.o
                0x10082c04                Cy_BLE_HAL_ExitCriticalSection
 .text.Cy_BLE_Ipc_Cypipe_Isr_Enable
                0x10082c0c        0xc .\CortexM4\ARM_GCC_541\Debug\cy_ble_hal_pvt.o
                0x10082c0c                Cy_BLE_Ipc_Cypipe_Isr_Enable
 .text.Cy_BLE_HAL_EnableGlobalInterrupts
                0x10082c18        0x8 .\CortexM4\ARM_GCC_541\Debug\cy_ble_hal_pvt.o
                0x10082c18                Cy_BLE_HAL_EnableGlobalInterrupts
 .text.Cy_BLE_Ipc_Cypipe_Isr_Disable
                0x10082c20        0xc .\CortexM4\ARM_GCC_541\Debug\cy_ble_hal_pvt.o
                0x10082c20                Cy_BLE_Ipc_Cypipe_Isr_Disable
 .text.Cy_BLE_HAL_DisableGlobalInterrupts
                0x10082c2c        0x8 .\CortexM4\ARM_GCC_541\Debug\cy_ble_hal_pvt.o
                0x10082c2c                Cy_BLE_HAL_DisableGlobalInterrupts
 .text.Cy_BLE_IPC_HostRegisterClientCallbacks
                0x10082c34       0x34 .\CortexM4\ARM_GCC_541\Debug\cy_ble_hal_pvt.o
                0x10082c34                Cy_BLE_IPC_HostRegisterClientCallbacks
 .text.Cy_BLE_IPC_SendMessageToController
                0x10082c68       0x20 .\CortexM4\ARM_GCC_541\Debug\cy_ble_hal_pvt.o
                0x10082c68                Cy_BLE_IPC_SendMessageToController
 .text.Cy_BLE_HAL_EccHeapInit
                0x10082c88        0x4 .\CortexM4\ARM_GCC_541\Debug\cy_ble_hal_pvt.o
                0x10082c88                Cy_BLE_HAL_EccHeapInit
 .text.Cy_BLE_HAL_EccHeapDeInit
                0x10082c8c        0x4 .\CortexM4\ARM_GCC_541\Debug\cy_ble_hal_pvt.o
                0x10082c8c                Cy_BLE_HAL_EccHeapDeInit
 .text.Cy_BLE_HAL_EccGetFeatureHeapReq
                0x10082c90        0x4 .\CortexM4\ARM_GCC_541\Debug\cy_ble_hal_pvt.o
                0x10082c90                Cy_BLE_HAL_EccGetFeatureHeapReq
 .text.Cy_BLE_HAL_PairingLocalPublicKeyHandler
                0x10082c94        0x8 .\CortexM4\ARM_GCC_541\Debug\cy_ble_hal_pvt.o
                0x10082c94                Cy_BLE_HAL_PairingLocalPublicKeyHandler
 .text.Cy_BLE_HAL_PairingRemoteKeyHandler
                0x10082c9c        0x8 .\CortexM4\ARM_GCC_541\Debug\cy_ble_hal_pvt.o
                0x10082c9c                Cy_BLE_HAL_PairingRemoteKeyHandler
 .text.Cy_BLE_HAL_PairingDhkeyHandler
                0x10082ca4        0x8 .\CortexM4\ARM_GCC_541\Debug\cy_ble_hal_pvt.o
                0x10082ca4                Cy_BLE_HAL_PairingDhkeyHandler
 .text.Cy_BLE_HAL_PairingDhkeyCheckHandler
                0x10082cac        0x8 .\CortexM4\ARM_GCC_541\Debug\cy_ble_hal_pvt.o
                0x10082cac                Cy_BLE_HAL_PairingDhkeyCheckHandler
 .text.Cy_BLE_HAL_PairingKeypressNotificationHandler
                0x10082cb4        0x8 .\CortexM4\ARM_GCC_541\Debug\cy_ble_hal_pvt.o
                0x10082cb4                Cy_BLE_HAL_PairingKeypressNotificationHandler
 .text.Cy_BLE_HAL_PairingRandHandler
                0x10082cbc        0x8 .\CortexM4\ARM_GCC_541\Debug\cy_ble_hal_pvt.o
                0x10082cbc                Cy_BLE_HAL_PairingRandHandler
 .text.Cy_BLE_HAL_PairingConfirmHandler
                0x10082cc4        0x8 .\CortexM4\ARM_GCC_541\Debug\cy_ble_hal_pvt.o
                0x10082cc4                Cy_BLE_HAL_PairingConfirmHandler
 .text.Cy_BLE_HAL_PairingLrConfirmingHandler
                0x10082ccc        0x8 .\CortexM4\ARM_GCC_541\Debug\cy_ble_hal_pvt.o
                0x10082ccc                Cy_BLE_HAL_PairingLrConfirmingHandler
 .text.Cy_BLE_HAL_PairingScTbxLocalPubkeyGenerateComplete
                0x10082cd4        0x8 .\CortexM4\ARM_GCC_541\Debug\cy_ble_hal_pvt.o
                0x10082cd4                Cy_BLE_HAL_PairingScTbxLocalPubkeyGenerateComplete
 .text.Cy_BLE_HAL_PairingScTbxGenerateLocalP256PublicKey
                0x10082cdc        0x8 .\CortexM4\ARM_GCC_541\Debug\cy_ble_hal_pvt.o
                0x10082cdc                Cy_BLE_HAL_PairingScTbxGenerateLocalP256PublicKey
 .text.Cy_BLE_HAL_SeSmpScUserPasskeyHandler
                0x10082ce4        0x8 .\CortexM4\ARM_GCC_541\Debug\cy_ble_hal_pvt.o
                0x10082ce4                Cy_BLE_HAL_SeSmpScUserPasskeyHandler
 .text.Cy_BLE_HAL_EccPointMult
                0x10082cec        0x4 .\CortexM4\ARM_GCC_541\Debug\cy_ble_hal_pvt.o
                0x10082cec                Cy_BLE_HAL_EccPointMult
 .text.Cy_BLE_ServiceInit
                0x10082cf0       0x10 .\CortexM4\ARM_GCC_541\Debug\cy_ble_gap.o
                0x10082cf0                Cy_BLE_ServiceInit
 .text.Cy_BLE_GAPP_StartAdvertisement
                0x10082d00      0x120 .\CortexM4\ARM_GCC_541\Debug\cy_ble_gap.o
                0x10082d00                Cy_BLE_GAPP_StartAdvertisement
 .text.Cy_BLE_ChangeAdDeviceAddress
                0x10082e20       0x5c .\CortexM4\ARM_GCC_541\Debug\cy_ble_gap.o
                0x10082e20                Cy_BLE_ChangeAdDeviceAddress
 .text.Cy_BLE_GATTS_WriteAttributeValueCCCD
                0x10082e7c       0x6c .\CortexM4\ARM_GCC_541\Debug\cy_ble_gatt.o
                0x10082e7c                Cy_BLE_GATTS_WriteAttributeValueCCCD
 .text.Cy_BLE_GATTS_WriteEventHandler
                0x10082ee8       0x84 .\CortexM4\ARM_GCC_541\Debug\cy_ble_gatt.o
                0x10082ee8                Cy_BLE_GATTS_WriteEventHandler
 .text.Cy_BLE_GATTS_ReadAttributeValueCCCD
                0x10082f6c       0x54 .\CortexM4\ARM_GCC_541\Debug\cy_ble_gatt.o
                0x10082f6c                Cy_BLE_GATTS_ReadAttributeValueCCCD
 .text.Cy_BLE_GATTS_ReadAttributeValueCCCDReqHandler
                0x10082fc0       0x58 .\CortexM4\ARM_GCC_541\Debug\cy_ble_gatt.o
                0x10082fc0                Cy_BLE_GATTS_ReadAttributeValueCCCDReqHandler
 .text.Cy_BLE_SendWriteResponse
                0x10083018       0x44 .\CortexM4\ARM_GCC_541\Debug\cy_ble_event_handler.o
 .text.Cy_BLE_RegisterServiceEventHandler
                0x1008305c       0x5c .\CortexM4\ARM_GCC_541\Debug\cy_ble_event_handler.o
                0x1008305c                Cy_BLE_RegisterServiceEventHandler
 .text.Cy_BLE_InvokeServiceEventHandler
                0x100830b8       0x38 .\CortexM4\ARM_GCC_541\Debug\cy_ble_event_handler.o
                0x100830b8                Cy_BLE_InvokeServiceEventHandler
 .text.Cy_BLE_IsDeviceAddressValid
                0x100830f0       0x20 .\CortexM4\ARM_GCC_541\Debug\cy_ble_event_handler.o
                0x100830f0                Cy_BLE_IsDeviceAddressValid
 .text.Cy_BLE_EventHandler
                0x10083110      0x6e0 .\CortexM4\ARM_GCC_541\Debug\cy_ble_event_handler.o
                0x10083110                Cy_BLE_EventHandler
 .text.Cy_BLE_IASS_WriteCmdEventHandler
                0x100837f0       0x80 .\CortexM4\ARM_GCC_541\Debug\cy_ble_ias.o
 .text.Cy_BLE_IASS_DisconnectEventHandler
                0x10083870       0x3c .\CortexM4\ARM_GCC_541\Debug\cy_ble_ias.o
 .text.Cy_BLE_IAS_EventHandler
                0x100838ac       0x30 .\CortexM4\ARM_GCC_541\Debug\cy_ble_ias.o
 .text.Cy_BLE_IAS_Init
                0x100838dc       0x2c .\CortexM4\ARM_GCC_541\Debug\cy_ble_ias.o
                0x100838dc                Cy_BLE_IAS_Init
 .text.Cy_BLE_IAS_RegisterAttrCallback
                0x10083908       0x1c .\CortexM4\ARM_GCC_541\Debug\cy_ble_ias.o
                0x10083908                Cy_BLE_IAS_RegisterAttrCallback
 .text.Cy_BLE_IASS_GetCharacteristicValue
                0x10083924       0x54 .\CortexM4\ARM_GCC_541\Debug\cy_ble_ias.o
                0x10083924                Cy_BLE_IASS_GetCharacteristicValue
 .text.vListInsertEnd
                0x10083978       0x18 .\CortexM4\ARM_GCC_541\Debug\list.o
                0x10083978                vListInsertEnd
 .text.uxListRemove
                0x10083990       0x28 .\CortexM4\ARM_GCC_541\Debug\list.o
                0x10083990                uxListRemove
 .text.prvResetNextTaskUnblockTime
                0x100839b8       0x2c .\CortexM4\ARM_GCC_541\Debug\tasks.o
 .text.xTaskIncrementTick
                0x100839e4       0xfc .\CortexM4\ARM_GCC_541\Debug\tasks.o
                0x100839e4                xTaskIncrementTick
 .text.vTaskSwitchContext
                0x10083ae0       0xc8 .\CortexM4\ARM_GCC_541\Debug\tasks.o
                0x10083ae0                vTaskSwitchContext
 *fill*         0x10083ba8        0x8 
 .text.SVC_Handler
                0x10083bb0       0x24 .\CortexM4\ARM_GCC_541\Debug\port.o
                0x10083bb0                SVC_Handler
 *fill*         0x10083bd4        0xc 
 .text.PendSV_Handler
                0x10083be0       0x64 .\CortexM4\ARM_GCC_541\Debug\port.o
                0x10083be0                PendSV_Handler
 .text.SysTick_Handler
                0x10083c44       0x2c .\CortexM4\ARM_GCC_541\Debug\port.o
                0x10083c44                SysTick_Handler
 .text.vApplicationStackOverflowHook
                0x10083c70       0x24 .\CortexM4\ARM_GCC_541\Debug\port.o
                0x10083c70                vApplicationStackOverflowHook
 .text.Cy_BLE_Start
                0x10083c94       0x38 .\CortexM4\ARM_GCC_541\Debug\BLE.o
                0x10083c94                Cy_BLE_Start
 .text.Cy_BLE_Stop
                0x10083ccc        0x8 .\CortexM4\ARM_GCC_541\Debug\BLE.o
                0x10083ccc                Cy_BLE_Stop
 .text._PushFreeBlock
                0x10083cd4       0x20 Generated_Source\PSoC6\pdl\middleware\emWin\libs\libemWin_nosnts_gcc.a(GUI_Alloc.o)
 .text._RemoveFreeBlock
                0x10083cf4       0x44 Generated_Source\PSoC6\pdl\middleware\emWin\libs\libemWin_nosnts_gcc.a(GUI_Alloc.o)
 .text._AddFreeMemory
                0x10083d38       0xa8 Generated_Source\PSoC6\pdl\middleware\emWin\libs\libemWin_nosnts_gcc.a(GUI_Alloc.o)
 .text._RemoveHoles
                0x10083de0       0x94 Generated_Source\PSoC6\pdl\middleware\emWin\libs\libemWin_nosnts_gcc.a(GUI_Alloc.o)
 .text.GUI_ALLOC_FreeFixedBlock
                0x10083e74       0x18 Generated_Source\PSoC6\pdl\middleware\emWin\libs\libemWin_nosnts_gcc.a(GUI_Alloc.o)
                0x10083e74                GUI_ALLOC_FreeFixedBlock
 .text.GUI_ALLOC_h2p
                0x10083e8c       0x14 Generated_Source\PSoC6\pdl\middleware\emWin\libs\libemWin_nosnts_gcc.a(GUI_Alloc.o)
                0x10083e8c                GUI_ALLOC_h2p
 .text.GUI_ALLOC_LockH
                0x10083ea0       0x20 Generated_Source\PSoC6\pdl\middleware\emWin\libs\libemWin_nosnts_gcc.a(GUI_Alloc.o)
                0x10083ea0                GUI_ALLOC_LockH
 .text.GUI_ALLOC_UnlockH
                0x10083ec0       0x30 Generated_Source\PSoC6\pdl\middleware\emWin\libs\libemWin_nosnts_gcc.a(GUI_Alloc.o)
                0x10083ec0                GUI_ALLOC_UnlockH
 .text.GUI_ALLOC_AssignMemory
                0x10083ef0       0x10 Generated_Source\PSoC6\pdl\middleware\emWin\libs\libemWin_nosnts_gcc.a(GUI_Alloc.o)
                0x10083ef0                GUI_ALLOC_AssignMemory
 .text.GUI_ALLOC_Free
                0x10083f00       0x24 Generated_Source\PSoC6\pdl\middleware\emWin\libs\libemWin_nosnts_gcc.a(GUI_Alloc.o)
                0x10083f00                GUI_ALLOC_Free
 .text._EnlargeBlocks
                0x10083f24       0x98 Generated_Source\PSoC6\pdl\middleware\emWin\libs\libemWin_nosnts_gcc.a(GUI_Alloc.o)
 .text._InitOnce
                0x10083fbc       0x6c Generated_Source\PSoC6\pdl\middleware\emWin\libs\libemWin_nosnts_gcc.a(GUI_Alloc.o)
 .text.GUI_ALLOC_GetFixedBlock
                0x10084028       0xb8 Generated_Source\PSoC6\pdl\middleware\emWin\libs\libemWin_nosnts_gcc.a(GUI_Alloc.o)
                0x10084028                GUI_ALLOC_GetFixedBlock
 .text._Alloc   0x100840e0      0x100 Generated_Source\PSoC6\pdl\middleware\emWin\libs\libemWin_nosnts_gcc.a(GUI_Alloc.o)
 .text.GUI_ALLOC_AllocNoInit
                0x100841e0       0x12 Generated_Source\PSoC6\pdl\middleware\emWin\libs\libemWin_nosnts_gcc.a(GUI_Alloc.o)
                0x100841e0                GUI_ALLOC_AllocNoInit
 *fill*         0x100841f2        0x2 
 .text.GUI_ALLOC_AllocZero
                0x100841f4       0x2c Generated_Source\PSoC6\pdl\middleware\emWin\libs\libemWin_nosnts_gcc.a(GUI_Alloc.o)
                0x100841f4                GUI_ALLOC_AllocZero
 .text.GUIMONO_DispChar
                0x10084220      0x14c Generated_Source\PSoC6\pdl\middleware\emWin\libs\libemWin_nosnts_gcc.a(GUI_CharM.o)
                0x10084220                GUIMONO_DispChar
 .text.GUIMONO_GetCharDistX
                0x1008436c       0x18 Generated_Source\PSoC6\pdl\middleware\emWin\libs\libemWin_nosnts_gcc.a(GUI_CharM.o)
                0x1008436c                GUIMONO_GetCharDistX
 .text.GUIMONO_GetFontInfo
                0x10084384        0x6 Generated_Source\PSoC6\pdl\middleware\emWin\libs\libemWin_nosnts_gcc.a(GUI_CharM.o)
                0x10084384                GUIMONO_GetFontInfo
 .text.GUIMONO_IsInFont
                0x1008438a       0x36 Generated_Source\PSoC6\pdl\middleware\emWin\libs\libemWin_nosnts_gcc.a(GUI_CharM.o)
                0x1008438a                GUIMONO_IsInFont
 .text.GUIPROP__FindChar
                0x100843c0       0x16 Generated_Source\PSoC6\pdl\middleware\emWin\libs\libemWin_nosnts_gcc.a(GUI_CharP.o)
                0x100843c0                GUIPROP__FindChar
 *fill*         0x100843d6        0x2 
 .text.GUIPROP_DispChar
                0x100843d8       0xd4 Generated_Source\PSoC6\pdl\middleware\emWin\libs\libemWin_nosnts_gcc.a(GUI_CharP.o)
                0x100843d8                GUIPROP_DispChar
 .text.GUIPROP_GetCharDistX
                0x100844ac       0x38 Generated_Source\PSoC6\pdl\middleware\emWin\libs\libemWin_nosnts_gcc.a(GUI_CharP.o)
                0x100844ac                GUIPROP_GetCharDistX
 .text.GUIPROP_GetFontInfo
                0x100844e4        0x6 Generated_Source\PSoC6\pdl\middleware\emWin\libs\libemWin_nosnts_gcc.a(GUI_CharP.o)
                0x100844e4                GUIPROP_GetFontInfo
 .text.GUIPROP_IsInFont
                0x100844ea       0x10 Generated_Source\PSoC6\pdl\middleware\emWin\libs\libemWin_nosnts_gcc.a(GUI_CharP.o)
                0x100844ea                GUIPROP_IsInFont
 *fill*         0x100844fa        0x2 
 .text.Draw8Point
                0x100844fc       0xa0 Generated_Source\PSoC6\pdl\middleware\emWin\libs\libemWin_nosnts_gcc.a(GUI_Circ.o)
 .text.GL_DrawCircle
                0x1008459c       0x70 Generated_Source\PSoC6\pdl\middleware\emWin\libs\libemWin_nosnts_gcc.a(GUI_Circ.o)
                0x1008459c                GL_DrawCircle
 .text.GUI_DrawCircle
                0x1008460c       0x48 Generated_Source\PSoC6\pdl\middleware\emWin\libs\libemWin_nosnts_gcc.a(GUI_Circ.o)
                0x1008460c                GUI_DrawCircle
 .text.GUI_CalcColorDist
                0x10084654       0x54 Generated_Source\PSoC6\pdl\middleware\emWin\libs\libemWin_nosnts_gcc.a(GUI_Common.o)
                0x10084654                GUI_CalcColorDist
 .text.GUI_GetBkColor
                0x100846a8        0xc Generated_Source\PSoC6\pdl\middleware\emWin\libs\libemWin_nosnts_gcc.a(GUI_Common.o)
                0x100846a8                GUI_GetBkColor
 .text.GUI_GetColor
                0x100846b4        0xc Generated_Source\PSoC6\pdl\middleware\emWin\libs\libemWin_nosnts_gcc.a(GUI_Common.o)
                0x100846b4                GUI_GetColor
 .text.GUI_MergeRect
                0x100846c0       0x62 Generated_Source\PSoC6\pdl\middleware\emWin\libs\libemWin_nosnts_gcc.a(GUI_Common.o)
                0x100846c0                GUI_MergeRect
 .text.GUI_MoveRect
                0x10084722       0x22 Generated_Source\PSoC6\pdl\middleware\emWin\libs\libemWin_nosnts_gcc.a(GUI_Common.o)
                0x10084722                GUI_MoveRect
 .text.GUI_GotoXY
                0x10084744       0x10 Generated_Source\PSoC6\pdl\middleware\emWin\libs\libemWin_nosnts_gcc.a(GUI_Common.o)
                0x10084744                GUI_GotoXY
 .text.GUI_SetPenSize
                0x10084754       0x10 Generated_Source\PSoC6\pdl\middleware\emWin\libs\libemWin_nosnts_gcc.a(GUI_Common.o)
                0x10084754                GUI_SetPenSize
 .text.GUI_RectsIntersect
                0x10084764       0x3c Generated_Source\PSoC6\pdl\middleware\emWin\libs\libemWin_nosnts_gcc.a(GUI_Common.o)
                0x10084764                GUI_RectsIntersect
 .text.GUI_SelectLCD
                0x100847a0       0x10 Generated_Source\PSoC6\pdl\middleware\emWin\libs\libemWin_nosnts_gcc.a(GUI_Common.o)
                0x100847a0                GUI_SelectLCD
 .text.GUI_SetBkColor
                0x100847b0        0x8 Generated_Source\PSoC6\pdl\middleware\emWin\libs\libemWin_nosnts_gcc.a(GUI_Common.o)
                0x100847b0                GUI_SetBkColor
 .text.GUI_SetColor
                0x100847b8        0x8 Generated_Source\PSoC6\pdl\middleware\emWin\libs\libemWin_nosnts_gcc.a(GUI_Common.o)
                0x100847b8                GUI_SetColor
 .text.GUI_SetFont
                0x100847c0       0x14 Generated_Source\PSoC6\pdl\middleware\emWin\libs\libemWin_nosnts_gcc.a(GUI_Common.o)
                0x100847c0                GUI_SetFont
 .text.GUI_SetOrg
                0x100847d4       0x34 Generated_Source\PSoC6\pdl\middleware\emWin\libs\libemWin_nosnts_gcc.a(GUI_Common.o)
                0x100847d4                GUI_SetOrg
 .text.GUI_SetTextAlign
                0x10084808       0x14 Generated_Source\PSoC6\pdl\middleware\emWin\libs\libemWin_nosnts_gcc.a(GUI_Common.o)
                0x10084808                GUI_SetTextAlign
 .text._OnExit  0x1008481c       0x44 Generated_Source\PSoC6\pdl\middleware\emWin\libs\libemWin_nosnts_gcc.a(GUI_Core.o)
 .text.GUI_SetDefaultFont
                0x10084860        0xc Generated_Source\PSoC6\pdl\middleware\emWin\libs\libemWin_nosnts_gcc.a(GUI_Core.o)
                0x10084860                GUI_SetDefaultFont
 .text.GUI_ClearRect
                0x1008486c       0x5c Generated_Source\PSoC6\pdl\middleware\emWin\libs\libemWin_nosnts_gcc.a(GUI_Core.o)
                0x1008486c                GUI_ClearRect
 .text.GUI_Clear
                0x100848c8       0x20 Generated_Source\PSoC6\pdl\middleware\emWin\libs\libemWin_nosnts_gcc.a(GUI_Core.o)
                0x100848c8                GUI_Clear
 .text.GUI__RegisterExit
                0x100848e8       0x10 Generated_Source\PSoC6\pdl\middleware\emWin\libs\libemWin_nosnts_gcc.a(GUI_Core.o)
                0x100848e8                GUI__RegisterExit
 .text.GUI__Config
                0x100848f8       0x30 Generated_Source\PSoC6\pdl\middleware\emWin\libs\libemWin_nosnts_gcc.a(GUI_Core.o)
                0x100848f8                GUI__Config
 .text.GUI_Init
                0x10084928       0xf8 Generated_Source\PSoC6\pdl\middleware\emWin\libs\libemWin_nosnts_gcc.a(GUI_Core.o)
                0x10084928                GUI_Init
 .text.GUI_DEVICE__GetpDriver
                0x10084a20       0x24 Generated_Source\PSoC6\pdl\middleware\emWin\libs\libemWin_nosnts_gcc.a(GUI_Device.o)
                0x10084a20                GUI_DEVICE__GetpDriver
 .text.GUI_DEVICE_Delete
                0x10084a44        0x8 Generated_Source\PSoC6\pdl\middleware\emWin\libs\libemWin_nosnts_gcc.a(GUI_Device.o)
                0x10084a44                GUI_DEVICE_Delete
 .text.GUI_DEVICE_Create
                0x10084a4c       0x50 Generated_Source\PSoC6\pdl\middleware\emWin\libs\libemWin_nosnts_gcc.a(GUI_Device.o)
                0x10084a4c                GUI_DEVICE_Create
 .text.GUI_DEVICE_Unlink
                0x10084a9c       0x38 Generated_Source\PSoC6\pdl\middleware\emWin\libs\libemWin_nosnts_gcc.a(GUI_Device.o)
                0x10084a9c                GUI_DEVICE_Unlink
 .text.GUI_DEVICE_Link
                0x10084ad4       0x8c Generated_Source\PSoC6\pdl\middleware\emWin\libs\libemWin_nosnts_gcc.a(GUI_Device.o)
                0x10084ad4                GUI_DEVICE_Link
 .text.GUI_DEVICE_CreateAndLink
                0x10084b60       0x2c Generated_Source\PSoC6\pdl\middleware\emWin\libs\libemWin_nosnts_gcc.a(GUI_Device.o)
                0x10084b60                GUI_DEVICE_CreateAndLink
 .text.GUI_DispString
                0x10084b8c      0x110 Generated_Source\PSoC6\pdl\middleware\emWin\libs\libemWin_nosnts_gcc.a(GUI_DispString.o)
                0x10084b8c                GUI_DispString
 .text.GUI_DispStringAt
                0x10084c9c       0x14 Generated_Source\PSoC6\pdl\middleware\emWin\libs\libemWin_nosnts_gcc.a(GUI_DispString.o)
                0x10084c9c                GUI_DispStringAt
 .text.GUI_FillRoundedRect
                0x10084cb0       0xd0 Generated_Source\PSoC6\pdl\middleware\emWin\libs\libemWin_nosnts_gcc.a(GUI_FillRoundedRect.o)
                0x10084cb0                GUI_FillRoundedRect
 .text.GUI_StoreKey
                0x10084d80       0x18 Generated_Source\PSoC6\pdl\middleware\emWin\libs\libemWin_nosnts_gcc.a(GUI_OnKey.o)
                0x10084d80                GUI_StoreKey
 .text.GUI_UC__GetCharCodeInc
                0x10084d98       0x28 Generated_Source\PSoC6\pdl\middleware\emWin\libs\libemWin_nosnts_gcc.a(GUI_UC.o)
                0x10084d98                GUI_UC__GetCharCodeInc
 .text.GUI_UC__NumChars2NumBytes
                0x10084dc0       0x28 Generated_Source\PSoC6\pdl\middleware\emWin\libs\libemWin_nosnts_gcc.a(GUI_UC.o)
                0x10084dc0                GUI_UC__NumChars2NumBytes
 .text._GetCharCode
                0x10084de8        0x4 Generated_Source\PSoC6\pdl\middleware\emWin\libs\libemWin_nosnts_gcc.a(GUI_UC_EncodeNone.o)
 .text._GetCharSize
                0x10084dec        0x4 Generated_Source\PSoC6\pdl\middleware\emWin\libs\libemWin_nosnts_gcc.a(GUI_UC_EncodeNone.o)
 .text._CalcSizeOfChar
                0x10084df0        0x4 Generated_Source\PSoC6\pdl\middleware\emWin\libs\libemWin_nosnts_gcc.a(GUI_UC_EncodeNone.o)
 .text._Encode  0x10084df4        0x6 Generated_Source\PSoC6\pdl\middleware\emWin\libs\libemWin_nosnts_gcc.a(GUI_UC_EncodeNone.o)
 *fill*         0x10084dfa        0x2 
 .text.GUI_SignalEvent
                0x10084dfc       0x14 Generated_Source\PSoC6\pdl\middleware\emWin\libs\libemWin_nosnts_gcc.a(GUI_WaitEvent.o)
                0x10084dfc                GUI_SignalEvent
 .text.LCD_Color2Index_1
                0x10084e10       0x28 Generated_Source\PSoC6\pdl\middleware\emWin\libs\libemWin_nosnts_gcc.a(GUICC_1.o)
 .text._Index2Color_1
                0x10084e38        0xc Generated_Source\PSoC6\pdl\middleware\emWin\libs\libemWin_nosnts_gcc.a(GUICC_1.o)
 .text._GetIndexMask_1
                0x10084e44        0x4 Generated_Source\PSoC6\pdl\middleware\emWin\libs\libemWin_nosnts_gcc.a(GUICC_1.o)
 .text._SetPixelIndex
                0x10084e48       0x80 Generated_Source\PSoC6\pdl\middleware\emWin\libs\libemWin_nosnts_gcc.a(GUIDRV_BitPlains.o)
 .text._GetPixelIndex
                0x10084ec8       0x5c Generated_Source\PSoC6\pdl\middleware\emWin\libs\libemWin_nosnts_gcc.a(GUIDRV_BitPlains.o)
 .text._XorPixel
                0x10084f24       0x24 Generated_Source\PSoC6\pdl\middleware\emWin\libs\libemWin_nosnts_gcc.a(GUIDRV_BitPlains.o)
 .text._DrawHLine
                0x10084f48      0x2b0 Generated_Source\PSoC6\pdl\middleware\emWin\libs\libemWin_nosnts_gcc.a(GUIDRV_BitPlains.o)
 .text._FillRect
                0x100851f8       0x22 Generated_Source\PSoC6\pdl\middleware\emWin\libs\libemWin_nosnts_gcc.a(GUIDRV_BitPlains.o)
 .text._GetRect
                0x1008521a       0x16 Generated_Source\PSoC6\pdl\middleware\emWin\libs\libemWin_nosnts_gcc.a(GUIDRV_BitPlains.o)
 .text._GetDevProp
                0x10085230       0x46 Generated_Source\PSoC6\pdl\middleware\emWin\libs\libemWin_nosnts_gcc.a(GUIDRV_BitPlains.o)
 *fill*         0x10085276        0x2 
 .text._GetDevFunc
                0x10085278       0x14 Generated_Source\PSoC6\pdl\middleware\emWin\libs\libemWin_nosnts_gcc.a(GUIDRV_BitPlains.o)
 .text._GetDevData
                0x1008528c       0x38 Generated_Source\PSoC6\pdl\middleware\emWin\libs\libemWin_nosnts_gcc.a(GUIDRV_BitPlains.o)
 .text._Off     0x100852c4        0xe Generated_Source\PSoC6\pdl\middleware\emWin\libs\libemWin_nosnts_gcc.a(GUIDRV_BitPlains.o)
 .text._On      0x100852d2        0xe Generated_Source\PSoC6\pdl\middleware\emWin\libs\libemWin_nosnts_gcc.a(GUIDRV_BitPlains.o)
 .text._SetOrg  0x100852e0       0x22 Generated_Source\PSoC6\pdl\middleware\emWin\libs\libemWin_nosnts_gcc.a(GUIDRV_BitPlains.o)
 *fill*         0x10085302        0x2 
 .text._DrawVLine
                0x10085304       0x48 Generated_Source\PSoC6\pdl\middleware\emWin\libs\libemWin_nosnts_gcc.a(GUIDRV_BitPlains.o)
 .text._DrawBitmap
                0x1008534c      0x8d8 Generated_Source\PSoC6\pdl\middleware\emWin\libs\libemWin_nosnts_gcc.a(GUIDRV_BitPlains.o)
 .text._InitOnce.isra.2
                0x10085c24       0x2c Generated_Source\PSoC6\pdl\middleware\emWin\libs\libemWin_nosnts_gcc.a(GUIDRV_BitPlains.o)
 .text._Init    0x10085c50       0x1a Generated_Source\PSoC6\pdl\middleware\emWin\libs\libemWin_nosnts_gcc.a(GUIDRV_BitPlains.o)
 .text._SetSize
                0x10085c6a       0x3c Generated_Source\PSoC6\pdl\middleware\emWin\libs\libemWin_nosnts_gcc.a(GUIDRV_BitPlains.o)
 .text._SetVSize
                0x10085ca6       0x1c Generated_Source\PSoC6\pdl\middleware\emWin\libs\libemWin_nosnts_gcc.a(GUIDRV_BitPlains.o)
 .text._SetVRAMAddr
                0x10085cc2       0x40 Generated_Source\PSoC6\pdl\middleware\emWin\libs\libemWin_nosnts_gcc.a(GUIDRV_BitPlains.o)
 .text.GUIDRV_BitPlains_Config
                0x10085d02       0x18 Generated_Source\PSoC6\pdl\middleware\emWin\libs\libemWin_nosnts_gcc.a(GUIDRV_BitPlains.o)
                0x10085d02                GUIDRV_BitPlains_Config
 *fill*         0x10085d1a        0x2 
 .text._SetDrawMode
                0x10085d1c       0x28 Generated_Source\PSoC6\pdl\middleware\emWin\libs\libemWin_nosnts_gcc.a(LCD.o)
 .text.LCD_SetDrawMode
                0x10085d44       0x10 Generated_Source\PSoC6\pdl\middleware\emWin\libs\libemWin_nosnts_gcc.a(LCD.o)
                0x10085d44                LCD_SetDrawMode
 .text.LCD_DrawPixel
                0x10085d54       0x5c Generated_Source\PSoC6\pdl\middleware\emWin\libs\libemWin_nosnts_gcc.a(LCD.o)
                0x10085d54                LCD_DrawPixel
 .text.LCD_DrawHLine
                0x10085db0       0x4c Generated_Source\PSoC6\pdl\middleware\emWin\libs\libemWin_nosnts_gcc.a(LCD.o)
                0x10085db0                LCD_DrawHLine
 .text.LCD_FillRect
                0x10085dfc       0x54 Generated_Source\PSoC6\pdl\middleware\emWin\libs\libemWin_nosnts_gcc.a(LCD.o)
                0x10085dfc                LCD_FillRect
 .text.LCD__DrawBitmap_1bpp
                0x10085e50      0x1cc Generated_Source\PSoC6\pdl\middleware\emWin\libs\libemWin_nosnts_gcc.a(LCD.o)
                0x10085e50                LCD__DrawBitmap_1bpp
 .text.LCD_DrawBitmap
                0x1008601c      0x20c Generated_Source\PSoC6\pdl\middleware\emWin\libs\libemWin_nosnts_gcc.a(LCD.o)
                0x1008601c                LCD_DrawBitmap
 .text.LCD_SetClipRectMax
                0x10086228       0x20 Generated_Source\PSoC6\pdl\middleware\emWin\libs\libemWin_nosnts_gcc.a(LCD.o)
                0x10086228                LCD_SetClipRectMax
 .text.LCD_Init
                0x10086248       0x94 Generated_Source\PSoC6\pdl\middleware\emWin\libs\libemWin_nosnts_gcc.a(LCD.o)
                0x10086248                LCD_Init
 .text.LCD_Color2Index
                0x100862dc       0x20 Generated_Source\PSoC6\pdl\middleware\emWin\libs\libemWin_nosnts_gcc.a(LCD.o)
                0x100862dc                LCD_Color2Index
 .text.LCD_Index2Color
                0x100862fc       0x20 Generated_Source\PSoC6\pdl\middleware\emWin\libs\libemWin_nosnts_gcc.a(LCD.o)
                0x100862fc                LCD_Index2Color
 .text.LCD_SetColorIndex
                0x1008631c       0x18 Generated_Source\PSoC6\pdl\middleware\emWin\libs\libemWin_nosnts_gcc.a(LCD.o)
                0x1008631c                LCD_SetColorIndex
 .text._SetColor
                0x10086334       0x1c Generated_Source\PSoC6\pdl\middleware\emWin\libs\libemWin_nosnts_gcc.a(LCD.o)
 .text.LCD_SetBkColorIndex
                0x10086350       0x18 Generated_Source\PSoC6\pdl\middleware\emWin\libs\libemWin_nosnts_gcc.a(LCD.o)
                0x10086350                LCD_SetBkColorIndex
 .text._SetBkColor
                0x10086368       0x1c Generated_Source\PSoC6\pdl\middleware\emWin\libs\libemWin_nosnts_gcc.a(LCD.o)
 .text.LCD_SetBkColor
                0x10086384       0x10 Generated_Source\PSoC6\pdl\middleware\emWin\libs\libemWin_nosnts_gcc.a(LCD.o)
                0x10086384                LCD_SetBkColor
 .text.LCD_SetColor
                0x10086394       0x10 Generated_Source\PSoC6\pdl\middleware\emWin\libs\libemWin_nosnts_gcc.a(LCD.o)
                0x10086394                LCD_SetColor
 .text._OnExit  0x100863a4       0x1c Generated_Source\PSoC6\pdl\middleware\emWin\libs\libemWin_nosnts_gcc.a(LCD_Color.o)
 .text.LCD_InitColors
                0x100863c0       0x40 Generated_Source\PSoC6\pdl\middleware\emWin\libs\libemWin_nosnts_gcc.a(LCD_Color.o)
                0x100863c0                LCD_InitColors
 .text.LCD_GetpPalConvTableUncached
                0x10086400       0x68 Generated_Source\PSoC6\pdl\middleware\emWin\libs\libemWin_nosnts_gcc.a(LCD_Color.o)
                0x10086400                LCD_GetpPalConvTableUncached
 .text.LCD_GetpPalConvTableBM
                0x10086468        0x8 Generated_Source\PSoC6\pdl\middleware\emWin\libs\libemWin_nosnts_gcc.a(LCD_Color.o)
                0x10086468                LCD_GetpPalConvTableBM
 .text.LCD_InitLUT
                0x10086470       0x7c Generated_Source\PSoC6\pdl\middleware\emWin\libs\libemWin_nosnts_gcc.a(LCD_Color.o)
                0x10086470                LCD_InitLUT
 .text.LCD_GetBkColorIndex
                0x100864ec       0x10 Generated_Source\PSoC6\pdl\middleware\emWin\libs\libemWin_nosnts_gcc.a(LCD_GetColorIndex.o)
                0x100864ec                LCD_GetBkColorIndex
 .text.LCD_GetColorIndex
                0x100864fc       0x10 Generated_Source\PSoC6\pdl\middleware\emWin\libs\libemWin_nosnts_gcc.a(LCD_GetColorIndex.o)
                0x100864fc                LCD_GetColorIndex
 .text._GetDevProp.part.0
                0x1008650c       0x16 Generated_Source\PSoC6\pdl\middleware\emWin\libs\libemWin_nosnts_gcc.a(LCD_GetEx.o)
 .text._GetDevProp
                0x10086522       0x12 Generated_Source\PSoC6\pdl\middleware\emWin\libs\libemWin_nosnts_gcc.a(LCD_GetEx.o)
 .text._GetMaxValue
                0x10086534       0x12 Generated_Source\PSoC6\pdl\middleware\emWin\libs\libemWin_nosnts_gcc.a(LCD_GetEx.o)
 .text.LCD_GetBitsPerPixelEx
                0x10086546        0xa Generated_Source\PSoC6\pdl\middleware\emWin\libs\libemWin_nosnts_gcc.a(LCD_GetEx.o)
                0x10086546                LCD_GetBitsPerPixelEx
 .text.LCD_GetNumColorsEx
                0x10086550        0xa Generated_Source\PSoC6\pdl\middleware\emWin\libs\libemWin_nosnts_gcc.a(LCD_GetEx.o)
                0x10086550                LCD_GetNumColorsEx
 .text.LCD_GetSwapXYEx
                0x1008655a        0xa Generated_Source\PSoC6\pdl\middleware\emWin\libs\libemWin_nosnts_gcc.a(LCD_GetEx.o)
                0x1008655a                LCD_GetSwapXYEx
 .text.LCD_GetNumColors
                0x10086564       0x14 Generated_Source\PSoC6\pdl\middleware\emWin\libs\libemWin_nosnts_gcc.a(LCD_GetEx.o)
                0x10086564                LCD_GetNumColors
 .text.LCD_GetSwapXY
                0x10086578       0x14 Generated_Source\PSoC6\pdl\middleware\emWin\libs\libemWin_nosnts_gcc.a(LCD_GetEx.o)
                0x10086578                LCD_GetSwapXY
 .text.GUI_GetBitsPerPixelEx
                0x1008658c       0x18 Generated_Source\PSoC6\pdl\middleware\emWin\libs\libemWin_nosnts_gcc.a(LCD_GetEx.o)
                0x1008658c                GUI_GetBitsPerPixelEx
 .text.LCD_GetPaletteEx
                0x100865a4       0x14 Generated_Source\PSoC6\pdl\middleware\emWin\libs\libemWin_nosnts_gcc.a(LCD_GetEx.o)
                0x100865a4                LCD_GetPaletteEx
 .text.LCD_GetPalette
                0x100865b8       0x14 Generated_Source\PSoC6\pdl\middleware\emWin\libs\libemWin_nosnts_gcc.a(LCD_GetEx.o)
                0x100865b8                LCD_GetPalette
 .text.GUI_GetpfIndex2ColorEx
                0x100865cc       0x10 Generated_Source\PSoC6\pdl\middleware\emWin\libs\libemWin_nosnts_gcc.a(LCD_GetEx.o)
                0x100865cc                GUI_GetpfIndex2ColorEx
 .text.GUI_GetpfColor2IndexEx
                0x100865dc       0x10 Generated_Source\PSoC6\pdl\middleware\emWin\libs\libemWin_nosnts_gcc.a(LCD_GetEx.o)
                0x100865dc                GUI_GetpfColor2IndexEx
 .text.LCD_GetXSizeMax
                0x100865ec        0xa Generated_Source\PSoC6\pdl\middleware\emWin\libs\libemWin_nosnts_gcc.a(LCD_GetEx.o)
                0x100865ec                LCD_GetXSizeMax
 .text.LCD_GetYSizeMax
                0x100865f6        0xa Generated_Source\PSoC6\pdl\middleware\emWin\libs\libemWin_nosnts_gcc.a(LCD_GetEx.o)
                0x100865f6                LCD_GetYSizeMax
 .text.LCD_SetDisplaySize
                0x10086600        0xc Generated_Source\PSoC6\pdl\middleware\emWin\libs\libemWin_nosnts_gcc.a(LCD_GetEx.o)
                0x10086600                LCD_SetDisplaySize
 .text.LCD_GetXSizeDisplay
                0x1008660c        0xc Generated_Source\PSoC6\pdl\middleware\emWin\libs\libemWin_nosnts_gcc.a(LCD_GetEx.o)
                0x1008660c                LCD_GetXSizeDisplay
 .text.LCD_GetYSizeDisplay
                0x10086618        0xc Generated_Source\PSoC6\pdl\middleware\emWin\libs\libemWin_nosnts_gcc.a(LCD_GetEx.o)
                0x10086618                LCD_GetYSizeDisplay
 .text.LCD__GetBPP
                0x10086624       0x72 Generated_Source\PSoC6\pdl\middleware\emWin\libs\libemWin_nosnts_gcc.a(LCD_GetEx.o)
                0x10086624                LCD__GetBPP
 .text.LCD__GetBPPDevice
                0x10086696       0x2a Generated_Source\PSoC6\pdl\middleware\emWin\libs\libemWin_nosnts_gcc.a(LCD_GetEx.o)
                0x10086696                LCD__GetBPPDevice
 .text.LCD_GetNumLayers
                0x100866c0        0xe Generated_Source\PSoC6\pdl\middleware\emWin\libs\libemWin_nosnts_gcc.a(LCD_GetNumDisplays.o)
                0x100866c0                LCD_GetNumLayers
 *fill*         0x100866ce        0x2 
 .text.LCD_SelectLCD
                0x100866d0       0x44 Generated_Source\PSoC6\pdl\middleware\emWin\libs\libemWin_nosnts_gcc.a(LCD_SelectLCD.o)
                0x100866d0                LCD_SelectLCD
 .text.LCD_SetLUTEntryEx
                0x10086714       0x2e Generated_Source\PSoC6\pdl\middleware\emWin\libs\libemWin_nosnts_gcc.a(LCD_Set.o)
                0x10086714                LCD_SetLUTEntryEx
 .text.LCD_SetSizeEx
                0x10086742       0x2e Generated_Source\PSoC6\pdl\middleware\emWin\libs\libemWin_nosnts_gcc.a(LCD_Set.o)
                0x10086742                LCD_SetSizeEx
 .text.LCD_SetVRAMAddrEx
                0x10086770       0x2a Generated_Source\PSoC6\pdl\middleware\emWin\libs\libemWin_nosnts_gcc.a(LCD_Set.o)
                0x10086770                LCD_SetVRAMAddrEx
 .text.LCD_SetVSizeEx
                0x1008679a       0x2e Generated_Source\PSoC6\pdl\middleware\emWin\libs\libemWin_nosnts_gcc.a(LCD_Set.o)
                0x1008679a                LCD_SetVSizeEx
 .text.LCD_UpdateColorIndices
                0x100867c8       0x24 Generated_Source\PSoC6\pdl\middleware\emWin\libs\libemWin_nosnts_gcc.a(LCD_UpdateColorIndices.o)
                0x100867c8                LCD_UpdateColorIndices
 .text._OnExit  0x100867ec       0x88 Generated_Source\PSoC6\pdl\middleware\emWin\libs\libemWin_nosnts_gcc.a(WM.o)
 .text._Findy1  0x10086874       0xb4 Generated_Source\PSoC6\pdl\middleware\emWin\libs\libemWin_nosnts_gcc.a(WM.o)
 .text._Findx0  0x10086928       0x8a Generated_Source\PSoC6\pdl\middleware\emWin\libs\libemWin_nosnts_gcc.a(WM.o)
 .text._Findx1  0x100869b2       0x7c Generated_Source\PSoC6\pdl\middleware\emWin\libs\libemWin_nosnts_gcc.a(WM.o)
 *fill*         0x10086a2e        0x2 
 .text.WM__ClipAtParentBorders
                0x10086a30       0x54 Generated_Source\PSoC6\pdl\middleware\emWin\libs\libemWin_nosnts_gcc.a(WM.o)
                0x10086a30                WM__ClipAtParentBorders
 .text.WM__InsertWindowIntoList
                0x10086a84       0xaa Generated_Source\PSoC6\pdl\middleware\emWin\libs\libemWin_nosnts_gcc.a(WM.o)
                0x10086a84                WM__InsertWindowIntoList
 .text.WM__Client2Screen
                0x10086b2e       0x14 Generated_Source\PSoC6\pdl\middleware\emWin\libs\libemWin_nosnts_gcc.a(WM.o)
                0x10086b2e                WM__Client2Screen
 *fill*         0x10086b42        0x2 
 .text._SetClipRectUserIntersect
                0x10086b44       0x50 Generated_Source\PSoC6\pdl\middleware\emWin\libs\libemWin_nosnts_gcc.a(WM.o)
 .text.WM__ActivateClipRect
                0x10086b94       0x50 Generated_Source\PSoC6\pdl\middleware\emWin\libs\libemWin_nosnts_gcc.a(WM.o)
                0x10086b94                WM__ActivateClipRect
 .text.WM__InvalidateDrawAndDescs
                0x10086be4       0x54 Generated_Source\PSoC6\pdl\middleware\emWin\libs\libemWin_nosnts_gcc.a(WM.o)
                0x10086be4                WM__InvalidateDrawAndDescs
 .text.WM__RectIsNZ
                0x10086c38       0x22 Generated_Source\PSoC6\pdl\middleware\emWin\libs\libemWin_nosnts_gcc.a(WM.o)
                0x10086c38                WM__RectIsNZ
 *fill*         0x10086c5a        0x2 
 .text._Invalidate1Abs
                0x10086c5c       0x88 Generated_Source\PSoC6\pdl\middleware\emWin\libs\libemWin_nosnts_gcc.a(WM.o)
 .text.WM__Invalidate1Abs
                0x10086ce4        0xa Generated_Source\PSoC6\pdl\middleware\emWin\libs\libemWin_nosnts_gcc.a(WM.o)
                0x10086ce4                WM__Invalidate1Abs
 .text.WM_InvalidateWindowAndDescsEx
                0x10086cee       0x60 Generated_Source\PSoC6\pdl\middleware\emWin\libs\libemWin_nosnts_gcc.a(WM.o)
                0x10086cee                WM_InvalidateWindowAndDescsEx
 *fill*         0x10086d4e        0x2 
 .text.WM__InvalidateRect
                0x10086d50       0x80 Generated_Source\PSoC6\pdl\middleware\emWin\libs\libemWin_nosnts_gcc.a(WM.o)
                0x10086d50                WM__InvalidateRect
 .text.WM__InvalidateRectEx
                0x10086dd0        0xa Generated_Source\PSoC6\pdl\middleware\emWin\libs\libemWin_nosnts_gcc.a(WM.o)
                0x10086dd0                WM__InvalidateRectEx
 .text.WM__SendMsgNoData
                0x10086dda       0x10 Generated_Source\PSoC6\pdl\middleware\emWin\libs\libemWin_nosnts_gcc.a(WM.o)
                0x10086dda                WM__SendMsgNoData
 .text.WM__GetClientRectWin
                0x10086dea       0x18 Generated_Source\PSoC6\pdl\middleware\emWin\libs\libemWin_nosnts_gcc.a(WM.o)
                0x10086dea                WM__GetClientRectWin
 *fill*         0x10086e02        0x2 
 .text.WM_InvalidateRect
                0x10086e04       0x80 Generated_Source\PSoC6\pdl\middleware\emWin\libs\libemWin_nosnts_gcc.a(WM.o)
                0x10086e04                WM_InvalidateRect
 .text.WM_InvalidateWindow
                0x10086e84        0xa Generated_Source\PSoC6\pdl\middleware\emWin\libs\libemWin_nosnts_gcc.a(WM.o)
                0x10086e84                WM_InvalidateWindow
 *fill*         0x10086e8e        0x2 
 .text.WM_SelectWindow
                0x10086e90       0x38 Generated_Source\PSoC6\pdl\middleware\emWin\libs\libemWin_nosnts_gcc.a(WM.o)
                0x10086e90                WM_SelectWindow
 .text.WM_CreateWindowAsChild
                0x10086ec8      0x144 Generated_Source\PSoC6\pdl\middleware\emWin\libs\libemWin_nosnts_gcc.a(WM.o)
                0x10086ec8                WM_CreateWindowAsChild
 .text.WM_CreateWindow
                0x1008700c       0x1a Generated_Source\PSoC6\pdl\middleware\emWin\libs\libemWin_nosnts_gcc.a(WM.o)
                0x1008700c                WM_CreateWindow
 *fill*         0x10087026        0x2 
 .text.WM__GetNextIVR
                0x10087028      0x160 Generated_Source\PSoC6\pdl\middleware\emWin\libs\libemWin_nosnts_gcc.a(WM.o)
                0x10087028                WM__GetNextIVR
 .text.WM__InitIVRSearch
                0x10087188      0x100 Generated_Source\PSoC6\pdl\middleware\emWin\libs\libemWin_nosnts_gcc.a(WM.o)
                0x10087188                WM__InitIVRSearch
 .text.WM_Activate
                0x10087288       0x10 Generated_Source\PSoC6\pdl\middleware\emWin\libs\libemWin_nosnts_gcc.a(WM.o)
                0x10087288                WM_Activate
 .text.WM_DefaultProc
                0x10087298       0x48 Generated_Source\PSoC6\pdl\middleware\emWin\libs\libemWin_nosnts_gcc.a(WM.o)
                0x10087298                WM_DefaultProc
 .text._cbBackWin
                0x100872e0       0x44 Generated_Source\PSoC6\pdl\middleware\emWin\libs\libemWin_nosnts_gcc.a(WM.o)
 .text.WM_Init  0x10087324       0xa4 Generated_Source\PSoC6\pdl\middleware\emWin\libs\libemWin_nosnts_gcc.a(WM.o)
                0x10087324                WM_Init
 .text.WM__GetFirstSibling
                0x100873c8       0x16 Generated_Source\PSoC6\pdl\middleware\emWin\libs\libemWin_nosnts_gcc.a(WM__Private.o)
                0x100873c8                WM__GetFirstSibling
 .text.WM__GetPrevSibling
                0x100873de       0x28 Generated_Source\PSoC6\pdl\middleware\emWin\libs\libemWin_nosnts_gcc.a(WM__Private.o)
                0x100873de                WM__GetPrevSibling
 *fill*         0x10087406        0x2 
 .text.WM__SendMessage
                0x10087408       0x38 Generated_Source\PSoC6\pdl\middleware\emWin\libs\libemWin_nosnts_gcc.a(WM__Private.o)
                0x10087408                WM__SendMessage
 .text.WM__AddCriticalHandle
                0x10087440       0x10 Generated_Source\PSoC6\pdl\middleware\emWin\libs\libemWin_nosnts_gcc.a(WM__Private.o)
                0x10087440                WM__AddCriticalHandle
 .text.WM__GetClientRectEx
                0x10087450       0x20 Generated_Source\PSoC6\pdl\middleware\emWin\libs\libemWin_nosnts_gcc.a(WM__Private.o)
                0x10087450                WM__GetClientRectEx
 .text.WM_GetDesktopWindow
                0x10087470        0xc Generated_Source\PSoC6\pdl\middleware\emWin\libs\libemWin_nosnts_gcc.a(WM_Lib.o)
                0x10087470                WM_GetDesktopWindow
 .text.WM_GetFirstChild
                0x1008747c        0xe Generated_Source\PSoC6\pdl\middleware\emWin\libs\libemWin_nosnts_gcc.a(WM_Lib.o)
                0x1008747c                WM_GetFirstChild
 .text.WM_GetParent
                0x1008748a        0xe Generated_Source\PSoC6\pdl\middleware\emWin\libs\libemWin_nosnts_gcc.a(WM_Lib.o)
                0x1008748a                WM_GetParent
 .text.WM_BringToBottom
                0x10087498       0x80 Generated_Source\PSoC6\pdl\middleware\emWin\libs\libemWin_nosnts_gcc.a(WM_Lib.o)
                0x10087498                WM_BringToBottom
 .text.WM_SendToParent
                0x10087518       0x1a Generated_Source\PSoC6\pdl\middleware\emWin\libs\libemWin_nosnts_gcc.a(WM_Lib.o)
                0x10087518                WM_SendToParent
 *fill*         0x10087532        0x2 
 .text.GUI__ManageCacheEx
                0x10087534       0xe0 Generated_Source\PSoC6\pdl\middleware\emWin\libs\libemWin_nosnts_gcc.a(GUI__ManageCache.o)
                0x10087534                GUI__ManageCacheEx
 .text.GUI__ManageCache
                0x10087614       0x14 Generated_Source\PSoC6\pdl\middleware\emWin\libs\libemWin_nosnts_gcc.a(GUI__ManageCache.o)
                0x10087614                GUI__ManageCache
 .text.GUI__IntersectRect
                0x10087628       0x3c Generated_Source\PSoC6\pdl\middleware\emWin\libs\libemWin_nosnts_gcc.a(GUI__Private.o)
                0x10087628                GUI__IntersectRect
 .text.GUI__IntersectRects
                0x10087664       0x68 Generated_Source\PSoC6\pdl\middleware\emWin\libs\libemWin_nosnts_gcc.a(GUI__Private.o)
                0x10087664                GUI__IntersectRects
 .text.GUI__sqrt32
                0x100876cc       0x22 Generated_Source\PSoC6\pdl\middleware\emWin\libs\libemWin_nosnts_gcc.a(GUI__Private.o)
                0x100876cc                GUI__sqrt32
 *fill*         0x100876ee        0x2 
 .text.GUI_GetYAdjust
                0x100876f0       0x2c Generated_Source\PSoC6\pdl\middleware\emWin\libs\libemWin_nosnts_gcc.a(GUI_Char.o)
                0x100876f0                GUI_GetYAdjust
 .text.GUI_GetFontDistY
                0x1008771c       0x10 Generated_Source\PSoC6\pdl\middleware\emWin\libs\libemWin_nosnts_gcc.a(GUI_Char.o)
                0x1008771c                GUI_GetFontDistY
 .text.GUI_GetCharDistX
                0x1008772c       0x14 Generated_Source\PSoC6\pdl\middleware\emWin\libs\libemWin_nosnts_gcc.a(GUI_Char.o)
                0x1008772c                GUI_GetCharDistX
 .text.GUI_GetCharDistXEx
                0x10087740       0x14 Generated_Source\PSoC6\pdl\middleware\emWin\libs\libemWin_nosnts_gcc.a(GUI_Char.o)
                0x10087740                GUI_GetCharDistXEx
 .text._Log2VisBuffered
                0x10087754        0x2 Generated_Source\PSoC6\pdl\middleware\emWin\libs\libemWin_nosnts_gcc.a(GUI_CharLine.o)
 *fill*         0x10087756        0x2 
 .text._DispLine
                0x10087758       0x9c Generated_Source\PSoC6\pdl\middleware\emWin\libs\libemWin_nosnts_gcc.a(GUI_CharLine.o)
 .text.GUI__GetLineNumChars
                0x100877f4       0x3c Generated_Source\PSoC6\pdl\middleware\emWin\libs\libemWin_nosnts_gcc.a(GUI_CharLine.o)
                0x100877f4                GUI__GetLineNumChars
 .text.GUI__GetOverlap
                0x10087830       0x18 Generated_Source\PSoC6\pdl\middleware\emWin\libs\libemWin_nosnts_gcc.a(GUI_CharLine.o)
                0x10087830                GUI__GetOverlap
 .text.GUI__GetLineDistX
                0x10087848       0x5c Generated_Source\PSoC6\pdl\middleware\emWin\libs\libemWin_nosnts_gcc.a(GUI_CharLine.o)
                0x10087848                GUI__GetLineDistX
 .text.GUI__DispLine
                0x100878a4       0x9c Generated_Source\PSoC6\pdl\middleware\emWin\libs\libemWin_nosnts_gcc.a(GUI_CharLine.o)
                0x100878a4                GUI__DispLine
 .text.GUI_SelectLayer
                0x10087940       0x28 Generated_Source\PSoC6\pdl\middleware\emWin\libs\libemWin_nosnts_gcc.a(GUI_SelectLayer.o)
                0x10087940                GUI_SelectLayer
 .text._GetIndexMask_0
                0x10087968       0x44 Generated_Source\PSoC6\pdl\middleware\emWin\libs\libemWin_nosnts_gcc.a(GUICC_0.o)
 .text._Index2Color_0
                0x100879ac       0x20 Generated_Source\PSoC6\pdl\middleware\emWin\libs\libemWin_nosnts_gcc.a(GUICC_0.o)
 .text._Color2Index_0
                0x100879cc       0x50 Generated_Source\PSoC6\pdl\middleware\emWin\libs\libemWin_nosnts_gcc.a(GUICC_0.o)
 .text.GUI_MEMDEV_GetBitsPerPixel
                0x10087a1c       0x26 Generated_Source\PSoC6\pdl\middleware\emWin\libs\libemWin_nosnts_gcc.a(GUIDEV.o)
                0x10087a1c                GUI_MEMDEV_GetBitsPerPixel
 *fill*         0x10087a42        0x2 
 .text.GUI_MEMDEV_Delete
                0x10087a44       0x40 Generated_Source\PSoC6\pdl\middleware\emWin\libs\libemWin_nosnts_gcc.a(GUIDEV.o)
                0x10087a44                GUI_MEMDEV_Delete
 .text._GetDevData
                0x10087a84       0x10 Generated_Source\PSoC6\pdl\middleware\emWin\libs\libemWin_nosnts_gcc.a(GUIDEV_1.o)
 .text._GetDevFunc
                0x10087a94       0x10 Generated_Source\PSoC6\pdl\middleware\emWin\libs\libemWin_nosnts_gcc.a(GUIDEV_1.o)
 .text._SetOrg  0x10087aa4        0xc Generated_Source\PSoC6\pdl\middleware\emWin\libs\libemWin_nosnts_gcc.a(GUIDEV_1.o)
 .text._GetDevProp
                0x10087ab0        0xc Generated_Source\PSoC6\pdl\middleware\emWin\libs\libemWin_nosnts_gcc.a(GUIDEV_1.o)
 .text._GetRect
                0x10087abc       0x30 Generated_Source\PSoC6\pdl\middleware\emWin\libs\libemWin_nosnts_gcc.a(GUIDEV_1.o)
 .text._XY2PTR_BITOFFSET
                0x10087aec       0x44 Generated_Source\PSoC6\pdl\middleware\emWin\libs\libemWin_nosnts_gcc.a(GUIDEV_1.o)
 .text._GetPixelIndex
                0x10087b30       0x18 Generated_Source\PSoC6\pdl\middleware\emWin\libs\libemWin_nosnts_gcc.a(GUIDEV_1.o)
 .text._XorPixel
                0x10087b48       0x58 Generated_Source\PSoC6\pdl\middleware\emWin\libs\libemWin_nosnts_gcc.a(GUIDEV_1.o)
 .text._SetPixelIndex
                0x10087ba0       0x60 Generated_Source\PSoC6\pdl\middleware\emWin\libs\libemWin_nosnts_gcc.a(GUIDEV_1.o)
 .text._DrawVLine
                0x10087c00       0xb8 Generated_Source\PSoC6\pdl\middleware\emWin\libs\libemWin_nosnts_gcc.a(GUIDEV_1.o)
 .text._FillRect
                0x10087cb8      0x158 Generated_Source\PSoC6\pdl\middleware\emWin\libs\libemWin_nosnts_gcc.a(GUIDEV_1.o)
 .text._DrawHLine
                0x10087e10        0xa Generated_Source\PSoC6\pdl\middleware\emWin\libs\libemWin_nosnts_gcc.a(GUIDEV_1.o)
 *fill*         0x10087e1a        0x2 
 .text._DrawBitmap
                0x10087e1c      0x614 Generated_Source\PSoC6\pdl\middleware\emWin\libs\libemWin_nosnts_gcc.a(GUIDEV_1.o)
 .text._GetDevData
                0x10088430       0x10 Generated_Source\PSoC6\pdl\middleware\emWin\libs\libemWin_nosnts_gcc.a(GUIDEV_8.o)
 .text._GetDevFunc
                0x10088440       0x10 Generated_Source\PSoC6\pdl\middleware\emWin\libs\libemWin_nosnts_gcc.a(GUIDEV_8.o)
 .text._SetOrg  0x10088450       0x10 Generated_Source\PSoC6\pdl\middleware\emWin\libs\libemWin_nosnts_gcc.a(GUIDEV_8.o)
 .text._GetRect
                0x10088460       0x30 Generated_Source\PSoC6\pdl\middleware\emWin\libs\libemWin_nosnts_gcc.a(GUIDEV_8.o)
 .text._XY2PTR  0x10088490       0x38 Generated_Source\PSoC6\pdl\middleware\emWin\libs\libemWin_nosnts_gcc.a(GUIDEV_8.o)
 .text._GetPixelIndex
                0x100884c8        0xe Generated_Source\PSoC6\pdl\middleware\emWin\libs\libemWin_nosnts_gcc.a(GUIDEV_8.o)
 *fill*         0x100884d6        0x2 
 .text._XorPixel
                0x100884d8       0x54 Generated_Source\PSoC6\pdl\middleware\emWin\libs\libemWin_nosnts_gcc.a(GUIDEV_8.o)
 .text._SetPixelIndex
                0x1008852c       0x48 Generated_Source\PSoC6\pdl\middleware\emWin\libs\libemWin_nosnts_gcc.a(GUIDEV_8.o)
 .text._DrawVLine
                0x10088574       0xbc Generated_Source\PSoC6\pdl\middleware\emWin\libs\libemWin_nosnts_gcc.a(GUIDEV_8.o)
 .text._FillRect
                0x10088630       0xb0 Generated_Source\PSoC6\pdl\middleware\emWin\libs\libemWin_nosnts_gcc.a(GUIDEV_8.o)
 .text._DrawHLine
                0x100886e0        0xa Generated_Source\PSoC6\pdl\middleware\emWin\libs\libemWin_nosnts_gcc.a(GUIDEV_8.o)
 *fill*         0x100886ea        0x2 
 .text._DrawBitmap
                0x100886ec      0x688 Generated_Source\PSoC6\pdl\middleware\emWin\libs\libemWin_nosnts_gcc.a(GUIDEV_8.o)
 .text._GetDevProp
                0x10088d74       0x1e Generated_Source\PSoC6\pdl\middleware\emWin\libs\libemWin_nosnts_gcc.a(GUIDEV_8.o)
 .text.GUI_USAGE_DecUseCnt
                0x10088d92       0x24 Generated_Source\PSoC6\pdl\middleware\emWin\libs\libemWin_nosnts_gcc.a(GUIDEV_Usage.o)
                0x10088d92                GUI_USAGE_DecUseCnt
 .text.GUI_USAGE_AddRect
                0x10088db6       0x26 Generated_Source\PSoC6\pdl\middleware\emWin\libs\libemWin_nosnts_gcc.a(GUIDEV_Usage.o)
                0x10088db6                GUI_USAGE_AddRect
 .text._Convert16
                0x10088ddc       0x34 Generated_Source\PSoC6\pdl\middleware\emWin\libs\libemWin_nosnts_gcc.a(GUIDEV_WriteToActiveOpaque.o)
 .text._Convert8
                0x10088e10       0x34 Generated_Source\PSoC6\pdl\middleware\emWin\libs\libemWin_nosnts_gcc.a(GUIDEV_WriteToActiveOpaque.o)
 .text.GUI_MEMDEV__WriteToActiveOpaque
                0x10088e44      0x714 Generated_Source\PSoC6\pdl\middleware\emWin\libs\libemWin_nosnts_gcc.a(GUIDEV_WriteToActiveOpaque.o)
                0x10088e44                GUI_MEMDEV__WriteToActiveOpaque
 .text.LCD_SetClipRectEx
                0x10089558       0x30 Generated_Source\PSoC6\pdl\middleware\emWin\libs\libemWin_nosnts_gcc.a(LCD_SetClipRectEx.o)
                0x10089558                LCD_SetClipRectEx
 .text.GUI__CompactPixelIndices
                0x10089588      0x14a Generated_Source\PSoC6\pdl\middleware\emWin\libs\libemWin_nosnts_gcc.a(GUI__CompactPixelIndices.o)
                0x10089588                GUI__CompactPixelIndices
 .text.GUI_MEMDEV_GetDataPtr
                0x100896d2       0x1c Generated_Source\PSoC6\pdl\middleware\emWin\libs\libemWin_nosnts_gcc.a(GUIDEV_GetDataPtr.o)
                0x100896d2                GUI_MEMDEV_GetDataPtr
 *fill*         0x100896ee        0x2 
 .text          0x100896f0       0x14 c:/program files (x86)/cypress/psoc creator/4.4/psoc creator/import/gnu/arm/5.4.1/bin/../lib/gcc/arm-none-eabi/5.4.1/armv7e-m/softfp\libgcc.a(_thumb1_case_uqi.o)
                0x100896f0                __gnu_thumb1_case_uqi
 .text          0x10089704       0x14 c:/program files (x86)/cypress/psoc creator/4.4/psoc creator/import/gnu/arm/5.4.1/bin/../lib/gcc/arm-none-eabi/5.4.1/armv7e-m/softfp\libgcc.a(_thumb1_case_uhi.o)
                0x10089704                __gnu_thumb1_case_uhi
 .text          0x10089718       0x24 c:/program files (x86)/cypress/psoc creator/4.4/psoc creator/import/gnu/arm/5.4.1/bin/../lib/gcc/arm-none-eabi/5.4.1/armv7e-m/softfp\libgcc.a(_udivsi3.o)
                0x10089718                __aeabi_uidiv
                0x10089718                __udivsi3
                0x1008972c                __aeabi_uidivmod
 .text          0x1008973c       0x2c c:/program files (x86)/cypress/psoc creator/4.4/psoc creator/import/gnu/arm/5.4.1/bin/../lib/gcc/arm-none-eabi/5.4.1/armv7e-m/softfp\libgcc.a(_divsi3.o)
                0x1008973c                __divsi3
                0x1008973c                __aeabi_idiv
                0x10089758                __aeabi_idivmod
 .text          0x10089768        0x4 c:/program files (x86)/cypress/psoc creator/4.4/psoc creator/import/gnu/arm/5.4.1/bin/../lib/gcc/arm-none-eabi/5.4.1/armv7e-m/softfp\libgcc.a(_dvmd_tls.o)
                0x10089768                __aeabi_idiv0
                0x10089768                __aeabi_ldiv0
 .text.memcmp   0x1008976c       0x1e c:/program files (x86)/cypress/psoc creator/4.4/psoc creator/import/gnu/arm/5.4.1/bin/../lib/gcc/arm-none-eabi/5.4.1/../../../../arm-none-eabi/lib/armv7e-m/softfp\libg_nano.a(lib_a-memcmp.o)
                0x1008976c                memcmp
 .text.memcpy   0x1008978a       0x16 c:/program files (x86)/cypress/psoc creator/4.4/psoc creator/import/gnu/arm/5.4.1/bin/../lib/gcc/arm-none-eabi/5.4.1/../../../../arm-none-eabi/lib/armv7e-m/softfp\libg_nano.a(lib_a-memcpy-stub.o)
                0x1008978a                memcpy
 .text.memmove  0x100897a0       0x36 c:/program files (x86)/cypress/psoc creator/4.4/psoc creator/import/gnu/arm/5.4.1/bin/../lib/gcc/arm-none-eabi/5.4.1/../../../../arm-none-eabi/lib/armv7e-m/softfp\libg_nano.a(lib_a-memmove.o)
                0x100897a0                memmove
 .text.memset   0x100897d6       0x10 c:/program files (x86)/cypress/psoc creator/4.4/psoc creator/import/gnu/arm/5.4.1/bin/../lib/gcc/arm-none-eabi/5.4.1/../../../../arm-none-eabi/lib/armv7e-m/softfp\libg_nano.a(lib_a-memset.o)
                0x100897d6                memset
 .text.strncpy  0x100897e6       0x26 c:/program files (x86)/cypress/psoc creator/4.4/psoc creator/import/gnu/arm/5.4.1/bin/../lib/gcc/arm-none-eabi/5.4.1/../../../../arm-none-eabi/lib/armv7e-m/softfp\libg_nano.a(lib_a-strncpy.o)
                0x100897e6                strncpy
 *(.init)
 .init          0x1008980c        0x4 c:/program files (x86)/cypress/psoc creator/4.4/psoc creator/import/gnu/arm/5.4.1/bin/../lib/gcc/arm-none-eabi/5.4.1/armv7e-m/softfp/crti.o
                0x1008980c                _init