ARM GAS  C:\Users\PC\AppData\Local\Temp\ccV6zvlT.s 			page 1


   1              		.syntax unified
   2              		.cpu cortex-m0plus
   3              		.fpu softvfp
   4              		.eabi_attribute 20, 1
   5              		.eabi_attribute 21, 1
   6              		.eabi_attribute 23, 3
   7              		.eabi_attribute 24, 1
   8              		.eabi_attribute 25, 1
   9              		.eabi_attribute 26, 1
  10              		.eabi_attribute 30, 1
  11              		.eabi_attribute 34, 0
  12              		.eabi_attribute 18, 4
  13              		.thumb
  14              		.syntax unified
  15              		.file	"retarget.c"
  16              		.text
  17              	.Ltext0:
  18              		.cfi_sections	.debug_frame
  19              		.syntax divided
  20              		.global _printf_float
  21              		.global _scanf_float
  22              		.thumb
  23              		.syntax unified
  24              		.section	.text._write,"ax",%progbits
  25              		.align	2
  26              		.weak	_write
  27              		.code	16
  28              		.thumb_func
  29              		.type	_write, %function
  30              	_write:
  31              	.LFB146:
  32              		.file 1 "Generated_Source\\PSoC6\\pdl\\utilities\\retarget_io\\retarget.c"
   1:Generated_Source\PSoC6\pdl\utilities\retarget_io/retarget.c **** /***************************************************************************//**
   2:Generated_Source\PSoC6\pdl\utilities\retarget_io/retarget.c **** * \file retarget.c
   3:Generated_Source\PSoC6\pdl\utilities\retarget_io/retarget.c **** * \version 1.10
   4:Generated_Source\PSoC6\pdl\utilities\retarget_io/retarget.c **** *
   5:Generated_Source\PSoC6\pdl\utilities\retarget_io/retarget.c **** * \brief
   6:Generated_Source\PSoC6\pdl\utilities\retarget_io/retarget.c **** * 'Retarget' layer for target-dependent low level function.
   7:Generated_Source\PSoC6\pdl\utilities\retarget_io/retarget.c **** *
   8:Generated_Source\PSoC6\pdl\utilities\retarget_io/retarget.c **** ********************************************************************************
   9:Generated_Source\PSoC6\pdl\utilities\retarget_io/retarget.c **** * \copyright
  10:Generated_Source\PSoC6\pdl\utilities\retarget_io/retarget.c **** * Copyright 2016-2018, Cypress Semiconductor Corporation. All rights reserved.
  11:Generated_Source\PSoC6\pdl\utilities\retarget_io/retarget.c **** * You may use this file only in accordance with the license, terms, conditions,
  12:Generated_Source\PSoC6\pdl\utilities\retarget_io/retarget.c **** * disclaimers, and limitations in the end user license agreement accompanying
  13:Generated_Source\PSoC6\pdl\utilities\retarget_io/retarget.c **** * the software package with which this file was provided.
  14:Generated_Source\PSoC6\pdl\utilities\retarget_io/retarget.c **** *******************************************************************************/
  15:Generated_Source\PSoC6\pdl\utilities\retarget_io/retarget.c **** 
  16:Generated_Source\PSoC6\pdl\utilities\retarget_io/retarget.c **** #include <stdio.h>
  17:Generated_Source\PSoC6\pdl\utilities\retarget_io/retarget.c **** #include "stdio_user.h"
  18:Generated_Source\PSoC6\pdl\utilities\retarget_io/retarget.c **** 
  19:Generated_Source\PSoC6\pdl\utilities\retarget_io/retarget.c **** #if defined(__cplusplus)
  20:Generated_Source\PSoC6\pdl\utilities\retarget_io/retarget.c **** extern "C" {
  21:Generated_Source\PSoC6\pdl\utilities\retarget_io/retarget.c **** #endif
  22:Generated_Source\PSoC6\pdl\utilities\retarget_io/retarget.c **** 
  23:Generated_Source\PSoC6\pdl\utilities\retarget_io/retarget.c **** #ifdef IO_STDOUT_ENABLE
  24:Generated_Source\PSoC6\pdl\utilities\retarget_io/retarget.c **** 
  25:Generated_Source\PSoC6\pdl\utilities\retarget_io/retarget.c **** #if defined(__ARMCC_VERSION) /* ARM-MDK */
ARM GAS  C:\Users\PC\AppData\Local\Temp\ccV6zvlT.s 			page 2


  26:Generated_Source\PSoC6\pdl\utilities\retarget_io/retarget.c ****     /***************************************************************************
  27:Generated_Source\PSoC6\pdl\utilities\retarget_io/retarget.c ****     * Function Name: fputc
  28:Generated_Source\PSoC6\pdl\utilities\retarget_io/retarget.c ****     ***************************************************************************/
  29:Generated_Source\PSoC6\pdl\utilities\retarget_io/retarget.c ****     __attribute__((weak)) int fputc(int ch, FILE *f)
  30:Generated_Source\PSoC6\pdl\utilities\retarget_io/retarget.c ****     {
  31:Generated_Source\PSoC6\pdl\utilities\retarget_io/retarget.c ****         (void)f;
  32:Generated_Source\PSoC6\pdl\utilities\retarget_io/retarget.c ****     #if (STDOUT_CR_LF != 0)
  33:Generated_Source\PSoC6\pdl\utilities\retarget_io/retarget.c ****         if ((char)ch == '\n')
  34:Generated_Source\PSoC6\pdl\utilities\retarget_io/retarget.c ****         {
  35:Generated_Source\PSoC6\pdl\utilities\retarget_io/retarget.c ****             STDIO_PutChar('\r');
  36:Generated_Source\PSoC6\pdl\utilities\retarget_io/retarget.c ****         }
  37:Generated_Source\PSoC6\pdl\utilities\retarget_io/retarget.c ****     #endif /* STDOUT_CR_LF != 0 */
  38:Generated_Source\PSoC6\pdl\utilities\retarget_io/retarget.c ****         STDIO_PutChar(ch);
  39:Generated_Source\PSoC6\pdl\utilities\retarget_io/retarget.c ****         return (ch);
  40:Generated_Source\PSoC6\pdl\utilities\retarget_io/retarget.c ****     }
  41:Generated_Source\PSoC6\pdl\utilities\retarget_io/retarget.c **** #elif defined (__ICCARM__) /* IAR */
  42:Generated_Source\PSoC6\pdl\utilities\retarget_io/retarget.c ****     #include <yfuns.h>
  43:Generated_Source\PSoC6\pdl\utilities\retarget_io/retarget.c **** 
  44:Generated_Source\PSoC6\pdl\utilities\retarget_io/retarget.c ****     /***************************************************************************
  45:Generated_Source\PSoC6\pdl\utilities\retarget_io/retarget.c ****     * Function Name: __write
  46:Generated_Source\PSoC6\pdl\utilities\retarget_io/retarget.c ****     ***************************************************************************/
  47:Generated_Source\PSoC6\pdl\utilities\retarget_io/retarget.c ****     __weak size_t __write(int handle, const unsigned char * buffer, size_t size)
  48:Generated_Source\PSoC6\pdl\utilities\retarget_io/retarget.c ****     {
  49:Generated_Source\PSoC6\pdl\utilities\retarget_io/retarget.c ****         size_t nChars = 0;
  50:Generated_Source\PSoC6\pdl\utilities\retarget_io/retarget.c ****         /* This template only writes to "standard out", for all other file
  51:Generated_Source\PSoC6\pdl\utilities\retarget_io/retarget.c ****         * handles it returns failure. */
  52:Generated_Source\PSoC6\pdl\utilities\retarget_io/retarget.c ****         if (handle != _LLIO_STDOUT)
  53:Generated_Source\PSoC6\pdl\utilities\retarget_io/retarget.c ****         {
  54:Generated_Source\PSoC6\pdl\utilities\retarget_io/retarget.c ****             return (_LLIO_ERROR);
  55:Generated_Source\PSoC6\pdl\utilities\retarget_io/retarget.c ****         }
  56:Generated_Source\PSoC6\pdl\utilities\retarget_io/retarget.c ****         if (buffer != NULL)
  57:Generated_Source\PSoC6\pdl\utilities\retarget_io/retarget.c ****         {
  58:Generated_Source\PSoC6\pdl\utilities\retarget_io/retarget.c ****             for (/* Empty */; nChars < size; ++nChars)
  59:Generated_Source\PSoC6\pdl\utilities\retarget_io/retarget.c ****             {
  60:Generated_Source\PSoC6\pdl\utilities\retarget_io/retarget.c ****             #if (STDOUT_CR_LF != 0)
  61:Generated_Source\PSoC6\pdl\utilities\retarget_io/retarget.c ****                 if(*buffer == '\n')
  62:Generated_Source\PSoC6\pdl\utilities\retarget_io/retarget.c ****                 {
  63:Generated_Source\PSoC6\pdl\utilities\retarget_io/retarget.c ****                     STDIO_PutChar('\r');
  64:Generated_Source\PSoC6\pdl\utilities\retarget_io/retarget.c ****                 }
  65:Generated_Source\PSoC6\pdl\utilities\retarget_io/retarget.c ****             #endif /* STDOUT_CR_LF != 0 */
  66:Generated_Source\PSoC6\pdl\utilities\retarget_io/retarget.c ****                 STDIO_PutChar(*buffer);
  67:Generated_Source\PSoC6\pdl\utilities\retarget_io/retarget.c ****                 ++buffer;
  68:Generated_Source\PSoC6\pdl\utilities\retarget_io/retarget.c ****             }
  69:Generated_Source\PSoC6\pdl\utilities\retarget_io/retarget.c ****         }
  70:Generated_Source\PSoC6\pdl\utilities\retarget_io/retarget.c ****         return (nChars);
  71:Generated_Source\PSoC6\pdl\utilities\retarget_io/retarget.c ****     }
  72:Generated_Source\PSoC6\pdl\utilities\retarget_io/retarget.c **** #else /* (__GNUC__)  GCC */    
  73:Generated_Source\PSoC6\pdl\utilities\retarget_io/retarget.c ****     /* Add an explicit reference to the floating point printf library to allow
  74:Generated_Source\PSoC6\pdl\utilities\retarget_io/retarget.c ****     the usage of floating point conversion specifier. */
  75:Generated_Source\PSoC6\pdl\utilities\retarget_io/retarget.c ****     __asm (".global _printf_float");
  76:Generated_Source\PSoC6\pdl\utilities\retarget_io/retarget.c ****     /***************************************************************************
  77:Generated_Source\PSoC6\pdl\utilities\retarget_io/retarget.c ****     * Function Name: _write
  78:Generated_Source\PSoC6\pdl\utilities\retarget_io/retarget.c ****     ***************************************************************************/
  79:Generated_Source\PSoC6\pdl\utilities\retarget_io/retarget.c ****     __attribute__((weak)) int _write (int fd, const char *ptr, int len)
  80:Generated_Source\PSoC6\pdl\utilities\retarget_io/retarget.c ****     {
  33              		.loc 1 80 0
  34              		.cfi_startproc
ARM GAS  C:\Users\PC\AppData\Local\Temp\ccV6zvlT.s 			page 3


  35              		@ args = 0, pretend = 0, frame = 0
  36              		@ frame_needed = 0, uses_anonymous_args = 0
  37              	.LVL0:
  38 0000 70B5     		push	{r4, r5, r6, lr}
  39              		.cfi_def_cfa_offset 16
  40              		.cfi_offset 4, -16
  41              		.cfi_offset 5, -12
  42              		.cfi_offset 6, -8
  43              		.cfi_offset 14, -4
  44 0002 0D00     		movs	r5, r1
  45 0004 1600     		movs	r6, r2
  46              	.LVL1:
  81:Generated_Source\PSoC6\pdl\utilities\retarget_io/retarget.c ****         int nChars = 0;
  82:Generated_Source\PSoC6\pdl\utilities\retarget_io/retarget.c ****         (void)fd;
  83:Generated_Source\PSoC6\pdl\utilities\retarget_io/retarget.c ****         if (ptr != NULL)
  47              		.loc 1 83 0
  48 0006 0029     		cmp	r1, #0
  49 0008 07D1     		bne	.L5
  81:Generated_Source\PSoC6\pdl\utilities\retarget_io/retarget.c ****         int nChars = 0;
  50              		.loc 1 81 0
  51 000a 0024     		movs	r4, #0
  52 000c 08E0     		b	.L3
  53              	.LVL2:
  54              	.L4:
  84:Generated_Source\PSoC6\pdl\utilities\retarget_io/retarget.c ****         {
  85:Generated_Source\PSoC6\pdl\utilities\retarget_io/retarget.c ****             for (/* Empty */; nChars < len; ++nChars)
  86:Generated_Source\PSoC6\pdl\utilities\retarget_io/retarget.c ****             {
  87:Generated_Source\PSoC6\pdl\utilities\retarget_io/retarget.c ****             #if (STDOUT_CR_LF != 0)
  88:Generated_Source\PSoC6\pdl\utilities\retarget_io/retarget.c ****                 if(*ptr == '\n')
  89:Generated_Source\PSoC6\pdl\utilities\retarget_io/retarget.c ****                 {
  90:Generated_Source\PSoC6\pdl\utilities\retarget_io/retarget.c ****                     STDIO_PutChar('\r');
  91:Generated_Source\PSoC6\pdl\utilities\retarget_io/retarget.c ****                 }
  92:Generated_Source\PSoC6\pdl\utilities\retarget_io/retarget.c ****             #endif /* STDOUT_CR_LF != 0 */
  93:Generated_Source\PSoC6\pdl\utilities\retarget_io/retarget.c ****                 STDIO_PutChar((uint32_t)*ptr);
  55              		.loc 1 93 0 discriminator 2
  56 000e 2878     		ldrb	r0, [r5]
  57 0010 FFF7FEFF 		bl	STDIO_PutChar
  58              	.LVL3:
  94:Generated_Source\PSoC6\pdl\utilities\retarget_io/retarget.c ****                 ++ptr;
  59              		.loc 1 94 0 discriminator 2
  60 0014 0135     		adds	r5, r5, #1
  61              	.LVL4:
  85:Generated_Source\PSoC6\pdl\utilities\retarget_io/retarget.c ****             {
  62              		.loc 1 85 0 discriminator 2
  63 0016 0134     		adds	r4, r4, #1
  64              	.LVL5:
  65 0018 00E0     		b	.L2
  66              	.LVL6:
  67              	.L5:
  68 001a 0024     		movs	r4, #0
  69              	.LVL7:
  70              	.L2:
  85:Generated_Source\PSoC6\pdl\utilities\retarget_io/retarget.c ****             {
  71              		.loc 1 85 0 is_stmt 0 discriminator 1
  72 001c B442     		cmp	r4, r6
  73 001e F6DB     		blt	.L4
  74              	.LVL8:
ARM GAS  C:\Users\PC\AppData\Local\Temp\ccV6zvlT.s 			page 4


  75              	.L3:
  95:Generated_Source\PSoC6\pdl\utilities\retarget_io/retarget.c ****             }
  96:Generated_Source\PSoC6\pdl\utilities\retarget_io/retarget.c ****         }
  97:Generated_Source\PSoC6\pdl\utilities\retarget_io/retarget.c ****         return (nChars);
  98:Generated_Source\PSoC6\pdl\utilities\retarget_io/retarget.c ****     }
  76              		.loc 1 98 0 is_stmt 1
  77 0020 2000     		movs	r0, r4
  78              		@ sp needed
  79              	.LVL9:
  80              	.LVL10:
  81              	.LVL11:
  82 0022 70BD     		pop	{r4, r5, r6, pc}
  83              		.cfi_endproc
  84              	.LFE146:
  85              		.size	_write, .-_write
  86              		.section	.text._read,"ax",%progbits
  87              		.align	2
  88              		.weak	_read
  89              		.code	16
  90              		.thumb_func
  91              		.type	_read, %function
  92              	_read:
  93              	.LFB147:
  99:Generated_Source\PSoC6\pdl\utilities\retarget_io/retarget.c **** #endif
 100:Generated_Source\PSoC6\pdl\utilities\retarget_io/retarget.c **** 
 101:Generated_Source\PSoC6\pdl\utilities\retarget_io/retarget.c **** #endif /* IO_STDOUT_ENABLE */
 102:Generated_Source\PSoC6\pdl\utilities\retarget_io/retarget.c **** 
 103:Generated_Source\PSoC6\pdl\utilities\retarget_io/retarget.c **** #if defined(IO_STDIN_ENABLE)
 104:Generated_Source\PSoC6\pdl\utilities\retarget_io/retarget.c **** 
 105:Generated_Source\PSoC6\pdl\utilities\retarget_io/retarget.c **** #if defined(__ARMCC_VERSION) /* ARM-MDK */
 106:Generated_Source\PSoC6\pdl\utilities\retarget_io/retarget.c ****     /***************************************************************************
 107:Generated_Source\PSoC6\pdl\utilities\retarget_io/retarget.c ****     * Function Name: fgetc
 108:Generated_Source\PSoC6\pdl\utilities\retarget_io/retarget.c ****     ***************************************************************************/
 109:Generated_Source\PSoC6\pdl\utilities\retarget_io/retarget.c ****     __attribute__((weak)) int fgetc(FILE *f) 
 110:Generated_Source\PSoC6\pdl\utilities\retarget_io/retarget.c ****     {
 111:Generated_Source\PSoC6\pdl\utilities\retarget_io/retarget.c ****         (void)f;
 112:Generated_Source\PSoC6\pdl\utilities\retarget_io/retarget.c ****         return (STDIO_GetChar());
 113:Generated_Source\PSoC6\pdl\utilities\retarget_io/retarget.c ****     }
 114:Generated_Source\PSoC6\pdl\utilities\retarget_io/retarget.c **** #elif defined (__ICCARM__) /* IAR */
 115:Generated_Source\PSoC6\pdl\utilities\retarget_io/retarget.c ****     __weak size_t __read(int handle, unsigned char * buffer, size_t size)
 116:Generated_Source\PSoC6\pdl\utilities\retarget_io/retarget.c ****     {
 117:Generated_Source\PSoC6\pdl\utilities\retarget_io/retarget.c ****         /* This template only reads from "standard in", for all other file
 118:Generated_Source\PSoC6\pdl\utilities\retarget_io/retarget.c ****         handles it returns failure. */
 119:Generated_Source\PSoC6\pdl\utilities\retarget_io/retarget.c ****         if ((handle != _LLIO_STDIN) || (buffer == NULL))
 120:Generated_Source\PSoC6\pdl\utilities\retarget_io/retarget.c ****         {
 121:Generated_Source\PSoC6\pdl\utilities\retarget_io/retarget.c ****             return (_LLIO_ERROR);
 122:Generated_Source\PSoC6\pdl\utilities\retarget_io/retarget.c ****         }
 123:Generated_Source\PSoC6\pdl\utilities\retarget_io/retarget.c ****         else
 124:Generated_Source\PSoC6\pdl\utilities\retarget_io/retarget.c ****         {
 125:Generated_Source\PSoC6\pdl\utilities\retarget_io/retarget.c ****             *buffer = STDIO_GetChar();
 126:Generated_Source\PSoC6\pdl\utilities\retarget_io/retarget.c ****             return (1);
 127:Generated_Source\PSoC6\pdl\utilities\retarget_io/retarget.c ****         }
 128:Generated_Source\PSoC6\pdl\utilities\retarget_io/retarget.c ****     }
 129:Generated_Source\PSoC6\pdl\utilities\retarget_io/retarget.c **** #else /* (__GNUC__)  GCC */
 130:Generated_Source\PSoC6\pdl\utilities\retarget_io/retarget.c ****     /* Add an explicit reference to the floating point scanf library to allow
 131:Generated_Source\PSoC6\pdl\utilities\retarget_io/retarget.c ****     the usage of floating point conversion specifier. */
 132:Generated_Source\PSoC6\pdl\utilities\retarget_io/retarget.c ****     __asm (".global _scanf_float");
ARM GAS  C:\Users\PC\AppData\Local\Temp\ccV6zvlT.s 			page 5


 133:Generated_Source\PSoC6\pdl\utilities\retarget_io/retarget.c ****     __attribute__((weak)) int _read (int fd, char *ptr, int len)
 134:Generated_Source\PSoC6\pdl\utilities\retarget_io/retarget.c ****     {
  94              		.loc 1 134 0
  95              		.cfi_startproc
  96              		@ args = 0, pretend = 0, frame = 0
  97              		@ frame_needed = 0, uses_anonymous_args = 0
  98              	.LVL12:
  99 0000 70B5     		push	{r4, r5, r6, lr}
 100              		.cfi_def_cfa_offset 16
 101              		.cfi_offset 4, -16
 102              		.cfi_offset 5, -12
 103              		.cfi_offset 6, -8
 104              		.cfi_offset 14, -4
 105 0002 0D00     		movs	r5, r1
 106 0004 1600     		movs	r6, r2
 107              	.LVL13:
 135:Generated_Source\PSoC6\pdl\utilities\retarget_io/retarget.c ****         int nChars = 0;
 136:Generated_Source\PSoC6\pdl\utilities\retarget_io/retarget.c ****         (void)fd;
 137:Generated_Source\PSoC6\pdl\utilities\retarget_io/retarget.c ****         if (ptr != NULL)
 108              		.loc 1 137 0
 109 0006 0029     		cmp	r1, #0
 110 0008 0AD1     		bne	.L10
 135:Generated_Source\PSoC6\pdl\utilities\retarget_io/retarget.c ****         int nChars = 0;
 111              		.loc 1 135 0
 112 000a 0024     		movs	r4, #0
 113 000c 0BE0     		b	.L8
 114              	.LVL14:
 115              	.L9:
 138:Generated_Source\PSoC6\pdl\utilities\retarget_io/retarget.c ****         {
 139:Generated_Source\PSoC6\pdl\utilities\retarget_io/retarget.c ****             for(/* Empty */;nChars < len;++ptr)
 140:Generated_Source\PSoC6\pdl\utilities\retarget_io/retarget.c ****             {
 141:Generated_Source\PSoC6\pdl\utilities\retarget_io/retarget.c ****                 *ptr = (char)STDIO_GetChar();
 116              		.loc 1 141 0
 117 000e FFF7FEFF 		bl	STDIO_GetChar
 118              	.LVL15:
 119 0012 C0B2     		uxtb	r0, r0
 120 0014 2870     		strb	r0, [r5]
 142:Generated_Source\PSoC6\pdl\utilities\retarget_io/retarget.c ****                 ++nChars;
 121              		.loc 1 142 0
 122 0016 0134     		adds	r4, r4, #1
 123              	.LVL16:
 143:Generated_Source\PSoC6\pdl\utilities\retarget_io/retarget.c ****                 if(*ptr == '\n')
 124              		.loc 1 143 0
 125 0018 0A28     		cmp	r0, #10
 126 001a 04D0     		beq	.L8
 139:Generated_Source\PSoC6\pdl\utilities\retarget_io/retarget.c ****             {
 127              		.loc 1 139 0
 128 001c 0135     		adds	r5, r5, #1
 129              	.LVL17:
 130 001e 00E0     		b	.L7
 131              	.LVL18:
 132              	.L10:
 133 0020 0024     		movs	r4, #0
 134              	.LVL19:
 135              	.L7:
 139:Generated_Source\PSoC6\pdl\utilities\retarget_io/retarget.c ****             {
 136              		.loc 1 139 0 is_stmt 0 discriminator 1
ARM GAS  C:\Users\PC\AppData\Local\Temp\ccV6zvlT.s 			page 6


 137 0022 B442     		cmp	r4, r6
 138 0024 F3DB     		blt	.L9
 139              	.LVL20:
 140              	.L8:
 144:Generated_Source\PSoC6\pdl\utilities\retarget_io/retarget.c ****                 {
 145:Generated_Source\PSoC6\pdl\utilities\retarget_io/retarget.c ****                     break;
 146:Generated_Source\PSoC6\pdl\utilities\retarget_io/retarget.c ****                 }
 147:Generated_Source\PSoC6\pdl\utilities\retarget_io/retarget.c ****             }
 148:Generated_Source\PSoC6\pdl\utilities\retarget_io/retarget.c ****         }
 149:Generated_Source\PSoC6\pdl\utilities\retarget_io/retarget.c ****         return (nChars);
 150:Generated_Source\PSoC6\pdl\utilities\retarget_io/retarget.c ****     }
 141              		.loc 1 150 0 is_stmt 1
 142 0026 2000     		movs	r0, r4
 143              		@ sp needed
 144              	.LVL21:
 145              	.LVL22:
 146              	.LVL23:
 147 0028 70BD     		pop	{r4, r5, r6, pc}
 148              		.cfi_endproc
 149              	.LFE147:
 150              		.size	_read, .-_read
 151 002a C046     		.text
 152              	.Letext0:
 153              		.file 2 "c:\\program files (x86)\\cypress\\psoc creator\\4.4\\psoc creator\\import\\gnu\\arm\\5.4.
 154              		.file 3 "c:\\program files (x86)\\cypress\\psoc creator\\4.4\\psoc creator\\import\\gnu\\arm\\5.4.
 155              		.file 4 "./stdio_user.h"
 156              		.section	.debug_info,"",%progbits
 157              	.Ldebug_info0:
 158 0000 8B010000 		.4byte	0x18b
 159 0004 0400     		.2byte	0x4
 160 0006 00000000 		.4byte	.Ldebug_abbrev0
 161 000a 04       		.byte	0x4
 162 000b 01       		.uleb128 0x1
 163 000c 8B010000 		.4byte	.LASF22
 164 0010 0C       		.byte	0xc
 165 0011 29000000 		.4byte	.LASF23
 166 0015 9F000000 		.4byte	.LASF24
 167 0019 00000000 		.4byte	.Ldebug_ranges0+0
 168 001d 00000000 		.4byte	0
 169 0021 00000000 		.4byte	.Ldebug_line0
 170 0025 02       		.uleb128 0x2
 171 0026 01       		.byte	0x1
 172 0027 06       		.byte	0x6
 173 0028 08010000 		.4byte	.LASF0
 174 002c 02       		.uleb128 0x2
 175 002d 01       		.byte	0x1
 176 002e 08       		.byte	0x8
 177 002f 1B000000 		.4byte	.LASF1
 178 0033 02       		.uleb128 0x2
 179 0034 02       		.byte	0x2
 180 0035 05       		.byte	0x5
 181 0036 81010000 		.4byte	.LASF2
 182 003a 02       		.uleb128 0x2
 183 003b 02       		.byte	0x2
 184 003c 07       		.byte	0x7
 185 003d 3F010000 		.4byte	.LASF3
 186 0041 02       		.uleb128 0x2
ARM GAS  C:\Users\PC\AppData\Local\Temp\ccV6zvlT.s 			page 7


 187 0042 04       		.byte	0x4
 188 0043 05       		.byte	0x5
 189 0044 2F010000 		.4byte	.LASF4
 190 0048 03       		.uleb128 0x3
 191 0049 65000000 		.4byte	.LASF12
 192 004d 02       		.byte	0x2
 193 004e 41       		.byte	0x41
 194 004f 53000000 		.4byte	0x53
 195 0053 02       		.uleb128 0x2
 196 0054 04       		.byte	0x4
 197 0055 07       		.byte	0x7
 198 0056 76000000 		.4byte	.LASF5
 199 005a 02       		.uleb128 0x2
 200 005b 08       		.byte	0x8
 201 005c 05       		.byte	0x5
 202 005d 00000000 		.4byte	.LASF6
 203 0061 02       		.uleb128 0x2
 204 0062 08       		.byte	0x8
 205 0063 07       		.byte	0x7
 206 0064 88000000 		.4byte	.LASF7
 207 0068 04       		.uleb128 0x4
 208 0069 04       		.byte	0x4
 209 006a 05       		.byte	0x5
 210 006b 696E7400 		.ascii	"int\000"
 211 006f 02       		.uleb128 0x2
 212 0070 04       		.byte	0x4
 213 0071 07       		.byte	0x7
 214 0072 0E000000 		.4byte	.LASF8
 215 0076 02       		.uleb128 0x2
 216 0077 08       		.byte	0x8
 217 0078 04       		.byte	0x4
 218 0079 67010000 		.4byte	.LASF9
 219 007d 02       		.uleb128 0x2
 220 007e 04       		.byte	0x4
 221 007f 07       		.byte	0x7
 222 0080 1D020000 		.4byte	.LASF10
 223 0084 05       		.uleb128 0x5
 224 0085 04       		.byte	0x4
 225 0086 8A000000 		.4byte	0x8a
 226 008a 02       		.uleb128 0x2
 227 008b 01       		.byte	0x1
 228 008c 08       		.byte	0x8
 229 008d 21010000 		.4byte	.LASF11
 230 0091 05       		.uleb128 0x5
 231 0092 04       		.byte	0x4
 232 0093 97000000 		.4byte	0x97
 233 0097 06       		.uleb128 0x6
 234 0098 8A000000 		.4byte	0x8a
 235 009c 03       		.uleb128 0x3
 236 009d 26010000 		.4byte	.LASF13
 237 00a1 03       		.byte	0x3
 238 00a2 30       		.byte	0x30
 239 00a3 48000000 		.4byte	0x48
 240 00a7 02       		.uleb128 0x2
 241 00a8 04       		.byte	0x4
 242 00a9 04       		.byte	0x4
 243 00aa 02010000 		.4byte	.LASF14
ARM GAS  C:\Users\PC\AppData\Local\Temp\ccV6zvlT.s 			page 8


 244 00ae 02       		.uleb128 0x2
 245 00af 08       		.byte	0x8
 246 00b0 04       		.byte	0x4
 247 00b1 38010000 		.4byte	.LASF15
 248 00b5 02       		.uleb128 0x2
 249 00b6 01       		.byte	0x1
 250 00b7 02       		.byte	0x2
 251 00b8 1B010000 		.4byte	.LASF16
 252 00bc 07       		.uleb128 0x7
 253 00bd 14010000 		.4byte	.LASF17
 254 00c1 01       		.byte	0x1
 255 00c2 4F       		.byte	0x4f
 256 00c3 68000000 		.4byte	0x68
 257 00c7 00000000 		.4byte	.LFB146
 258 00cb 24000000 		.4byte	.LFE146-.LFB146
 259 00cf 01       		.uleb128 0x1
 260 00d0 9C       		.byte	0x9c
 261 00d1 1A010000 		.4byte	0x11a
 262 00d5 08       		.uleb128 0x8
 263 00d6 666400   		.ascii	"fd\000"
 264 00d9 01       		.byte	0x1
 265 00da 4F       		.byte	0x4f
 266 00db 68000000 		.4byte	0x68
 267 00df 00000000 		.4byte	.LLST0
 268 00e3 08       		.uleb128 0x8
 269 00e4 70747200 		.ascii	"ptr\000"
 270 00e8 01       		.byte	0x1
 271 00e9 4F       		.byte	0x4f
 272 00ea 91000000 		.4byte	0x91
 273 00ee 3A000000 		.4byte	.LLST1
 274 00f2 08       		.uleb128 0x8
 275 00f3 6C656E00 		.ascii	"len\000"
 276 00f7 01       		.byte	0x1
 277 00f8 4F       		.byte	0x4f
 278 00f9 68000000 		.4byte	0x68
 279 00fd 6E000000 		.4byte	.LLST2
 280 0101 09       		.uleb128 0x9
 281 0102 52010000 		.4byte	.LASF19
 282 0106 01       		.byte	0x1
 283 0107 51       		.byte	0x51
 284 0108 68000000 		.4byte	0x68
 285 010c B0000000 		.4byte	.LLST3
 286 0110 0A       		.uleb128 0xa
 287 0111 14000000 		.4byte	.LVL3
 288 0115 78010000 		.4byte	0x178
 289 0119 00       		.byte	0
 290 011a 07       		.uleb128 0x7
 291 011b 70000000 		.4byte	.LASF18
 292 011f 01       		.byte	0x1
 293 0120 85       		.byte	0x85
 294 0121 68000000 		.4byte	0x68
 295 0125 00000000 		.4byte	.LFB147
 296 0129 2A000000 		.4byte	.LFE147-.LFB147
 297 012d 01       		.uleb128 0x1
 298 012e 9C       		.byte	0x9c
 299 012f 78010000 		.4byte	0x178
 300 0133 08       		.uleb128 0x8
ARM GAS  C:\Users\PC\AppData\Local\Temp\ccV6zvlT.s 			page 9


 301 0134 666400   		.ascii	"fd\000"
 302 0137 01       		.byte	0x1
 303 0138 85       		.byte	0x85
 304 0139 68000000 		.4byte	0x68
 305 013d F1000000 		.4byte	.LLST4
 306 0141 08       		.uleb128 0x8
 307 0142 70747200 		.ascii	"ptr\000"
 308 0146 01       		.byte	0x1
 309 0147 85       		.byte	0x85
 310 0148 84000000 		.4byte	0x84
 311 014c 2B010000 		.4byte	.LLST5
 312 0150 08       		.uleb128 0x8
 313 0151 6C656E00 		.ascii	"len\000"
 314 0155 01       		.byte	0x1
 315 0156 85       		.byte	0x85
 316 0157 68000000 		.4byte	0x68
 317 015b 5F010000 		.4byte	.LLST6
 318 015f 09       		.uleb128 0x9
 319 0160 52010000 		.4byte	.LASF19
 320 0164 01       		.byte	0x1
 321 0165 87       		.byte	0x87
 322 0166 68000000 		.4byte	0x68
 323 016a A1010000 		.4byte	.LLST7
 324 016e 0A       		.uleb128 0xa
 325 016f 12000000 		.4byte	.LVL15
 326 0173 83010000 		.4byte	0x183
 327 0177 00       		.byte	0
 328 0178 0B       		.uleb128 0xb
 329 0179 59010000 		.4byte	.LASF20
 330 017d 59010000 		.4byte	.LASF20
 331 0181 04       		.byte	0x4
 332 0182 AD       		.byte	0xad
 333 0183 0B       		.uleb128 0xb
 334 0184 73010000 		.4byte	.LASF21
 335 0188 73010000 		.4byte	.LASF21
 336 018c 04       		.byte	0x4
 337 018d B1       		.byte	0xb1
 338 018e 00       		.byte	0
 339              		.section	.debug_abbrev,"",%progbits
 340              	.Ldebug_abbrev0:
 341 0000 01       		.uleb128 0x1
 342 0001 11       		.uleb128 0x11
 343 0002 01       		.byte	0x1
 344 0003 25       		.uleb128 0x25
 345 0004 0E       		.uleb128 0xe
 346 0005 13       		.uleb128 0x13
 347 0006 0B       		.uleb128 0xb
 348 0007 03       		.uleb128 0x3
 349 0008 0E       		.uleb128 0xe
 350 0009 1B       		.uleb128 0x1b
 351 000a 0E       		.uleb128 0xe
 352 000b 55       		.uleb128 0x55
 353 000c 17       		.uleb128 0x17
 354 000d 11       		.uleb128 0x11
 355 000e 01       		.uleb128 0x1
 356 000f 10       		.uleb128 0x10
 357 0010 17       		.uleb128 0x17
ARM GAS  C:\Users\PC\AppData\Local\Temp\ccV6zvlT.s 			page 10


 358 0011 00       		.byte	0
 359 0012 00       		.byte	0
 360 0013 02       		.uleb128 0x2
 361 0014 24       		.uleb128 0x24
 362 0015 00       		.byte	0
 363 0016 0B       		.uleb128 0xb
 364 0017 0B       		.uleb128 0xb
 365 0018 3E       		.uleb128 0x3e
 366 0019 0B       		.uleb128 0xb
 367 001a 03       		.uleb128 0x3
 368 001b 0E       		.uleb128 0xe
 369 001c 00       		.byte	0
 370 001d 00       		.byte	0
 371 001e 03       		.uleb128 0x3
 372 001f 16       		.uleb128 0x16
 373 0020 00       		.byte	0
 374 0021 03       		.uleb128 0x3
 375 0022 0E       		.uleb128 0xe
 376 0023 3A       		.uleb128 0x3a
 377 0024 0B       		.uleb128 0xb
 378 0025 3B       		.uleb128 0x3b
 379 0026 0B       		.uleb128 0xb
 380 0027 49       		.uleb128 0x49
 381 0028 13       		.uleb128 0x13
 382 0029 00       		.byte	0
 383 002a 00       		.byte	0
 384 002b 04       		.uleb128 0x4
 385 002c 24       		.uleb128 0x24
 386 002d 00       		.byte	0
 387 002e 0B       		.uleb128 0xb
 388 002f 0B       		.uleb128 0xb
 389 0030 3E       		.uleb128 0x3e
 390 0031 0B       		.uleb128 0xb
 391 0032 03       		.uleb128 0x3
 392 0033 08       		.uleb128 0x8
 393 0034 00       		.byte	0
 394 0035 00       		.byte	0
 395 0036 05       		.uleb128 0x5
 396 0037 0F       		.uleb128 0xf
 397 0038 00       		.byte	0
 398 0039 0B       		.uleb128 0xb
 399 003a 0B       		.uleb128 0xb
 400 003b 49       		.uleb128 0x49
 401 003c 13       		.uleb128 0x13
 402 003d 00       		.byte	0
 403 003e 00       		.byte	0
 404 003f 06       		.uleb128 0x6
 405 0040 26       		.uleb128 0x26
 406 0041 00       		.byte	0
 407 0042 49       		.uleb128 0x49
 408 0043 13       		.uleb128 0x13
 409 0044 00       		.byte	0
 410 0045 00       		.byte	0
 411 0046 07       		.uleb128 0x7
 412 0047 2E       		.uleb128 0x2e
 413 0048 01       		.byte	0x1
 414 0049 3F       		.uleb128 0x3f
ARM GAS  C:\Users\PC\AppData\Local\Temp\ccV6zvlT.s 			page 11


 415 004a 19       		.uleb128 0x19
 416 004b 03       		.uleb128 0x3
 417 004c 0E       		.uleb128 0xe
 418 004d 3A       		.uleb128 0x3a
 419 004e 0B       		.uleb128 0xb
 420 004f 3B       		.uleb128 0x3b
 421 0050 0B       		.uleb128 0xb
 422 0051 27       		.uleb128 0x27
 423 0052 19       		.uleb128 0x19
 424 0053 49       		.uleb128 0x49
 425 0054 13       		.uleb128 0x13
 426 0055 11       		.uleb128 0x11
 427 0056 01       		.uleb128 0x1
 428 0057 12       		.uleb128 0x12
 429 0058 06       		.uleb128 0x6
 430 0059 40       		.uleb128 0x40
 431 005a 18       		.uleb128 0x18
 432 005b 9742     		.uleb128 0x2117
 433 005d 19       		.uleb128 0x19
 434 005e 01       		.uleb128 0x1
 435 005f 13       		.uleb128 0x13
 436 0060 00       		.byte	0
 437 0061 00       		.byte	0
 438 0062 08       		.uleb128 0x8
 439 0063 05       		.uleb128 0x5
 440 0064 00       		.byte	0
 441 0065 03       		.uleb128 0x3
 442 0066 08       		.uleb128 0x8
 443 0067 3A       		.uleb128 0x3a
 444 0068 0B       		.uleb128 0xb
 445 0069 3B       		.uleb128 0x3b
 446 006a 0B       		.uleb128 0xb
 447 006b 49       		.uleb128 0x49
 448 006c 13       		.uleb128 0x13
 449 006d 02       		.uleb128 0x2
 450 006e 17       		.uleb128 0x17
 451 006f 00       		.byte	0
 452 0070 00       		.byte	0
 453 0071 09       		.uleb128 0x9
 454 0072 34       		.uleb128 0x34
 455 0073 00       		.byte	0
 456 0074 03       		.uleb128 0x3
 457 0075 0E       		.uleb128 0xe
 458 0076 3A       		.uleb128 0x3a
 459 0077 0B       		.uleb128 0xb
 460 0078 3B       		.uleb128 0x3b
 461 0079 0B       		.uleb128 0xb
 462 007a 49       		.uleb128 0x49
 463 007b 13       		.uleb128 0x13
 464 007c 02       		.uleb128 0x2
 465 007d 17       		.uleb128 0x17
 466 007e 00       		.byte	0
 467 007f 00       		.byte	0
 468 0080 0A       		.uleb128 0xa
 469 0081 898201   		.uleb128 0x4109
 470 0084 00       		.byte	0
 471 0085 11       		.uleb128 0x11
ARM GAS  C:\Users\PC\AppData\Local\Temp\ccV6zvlT.s 			page 12


 472 0086 01       		.uleb128 0x1
 473 0087 31       		.uleb128 0x31
 474 0088 13       		.uleb128 0x13
 475 0089 00       		.byte	0
 476 008a 00       		.byte	0
 477 008b 0B       		.uleb128 0xb
 478 008c 2E       		.uleb128 0x2e
 479 008d 00       		.byte	0
 480 008e 3F       		.uleb128 0x3f
 481 008f 19       		.uleb128 0x19
 482 0090 3C       		.uleb128 0x3c
 483 0091 19       		.uleb128 0x19
 484 0092 6E       		.uleb128 0x6e
 485 0093 0E       		.uleb128 0xe
 486 0094 03       		.uleb128 0x3
 487 0095 0E       		.uleb128 0xe
 488 0096 3A       		.uleb128 0x3a
 489 0097 0B       		.uleb128 0xb
 490 0098 3B       		.uleb128 0x3b
 491 0099 0B       		.uleb128 0xb
 492 009a 00       		.byte	0
 493 009b 00       		.byte	0
 494 009c 00       		.byte	0
 495              		.section	.debug_loc,"",%progbits
 496              	.Ldebug_loc0:
 497              	.LLST0:
 498 0000 00000000 		.4byte	.LVL0
 499 0004 0E000000 		.4byte	.LVL2
 500 0008 0100     		.2byte	0x1
 501 000a 50       		.byte	0x50
 502 000b 0E000000 		.4byte	.LVL2
 503 000f 1A000000 		.4byte	.LVL6
 504 0013 0400     		.2byte	0x4
 505 0015 F3       		.byte	0xf3
 506 0016 01       		.uleb128 0x1
 507 0017 50       		.byte	0x50
 508 0018 9F       		.byte	0x9f
 509 0019 1A000000 		.4byte	.LVL6
 510 001d 1C000000 		.4byte	.LVL7
 511 0021 0100     		.2byte	0x1
 512 0023 50       		.byte	0x50
 513 0024 1C000000 		.4byte	.LVL7
 514 0028 24000000 		.4byte	.LFE146
 515 002c 0400     		.2byte	0x4
 516 002e F3       		.byte	0xf3
 517 002f 01       		.uleb128 0x1
 518 0030 50       		.byte	0x50
 519 0031 9F       		.byte	0x9f
 520 0032 00000000 		.4byte	0
 521 0036 00000000 		.4byte	0
 522              	.LLST1:
 523 003a 00000000 		.4byte	.LVL0
 524 003e 0E000000 		.4byte	.LVL2
 525 0042 0100     		.2byte	0x1
 526 0044 51       		.byte	0x51
 527 0045 0E000000 		.4byte	.LVL2
 528 0049 1A000000 		.4byte	.LVL6
ARM GAS  C:\Users\PC\AppData\Local\Temp\ccV6zvlT.s 			page 13


 529 004d 0100     		.2byte	0x1
 530 004f 55       		.byte	0x55
 531 0050 1A000000 		.4byte	.LVL6
 532 0054 1C000000 		.4byte	.LVL7
 533 0058 0100     		.2byte	0x1
 534 005a 51       		.byte	0x51
 535 005b 1C000000 		.4byte	.LVL7
 536 005f 22000000 		.4byte	.LVL10
 537 0063 0100     		.2byte	0x1
 538 0065 55       		.byte	0x55
 539 0066 00000000 		.4byte	0
 540 006a 00000000 		.4byte	0
 541              	.LLST2:
 542 006e 00000000 		.4byte	.LVL0
 543 0072 0E000000 		.4byte	.LVL2
 544 0076 0100     		.2byte	0x1
 545 0078 52       		.byte	0x52
 546 0079 0E000000 		.4byte	.LVL2
 547 007d 1A000000 		.4byte	.LVL6
 548 0081 0100     		.2byte	0x1
 549 0083 56       		.byte	0x56
 550 0084 1A000000 		.4byte	.LVL6
 551 0088 1C000000 		.4byte	.LVL7
 552 008c 0100     		.2byte	0x1
 553 008e 52       		.byte	0x52
 554 008f 1C000000 		.4byte	.LVL7
 555 0093 22000000 		.4byte	.LVL11
 556 0097 0100     		.2byte	0x1
 557 0099 56       		.byte	0x56
 558 009a 22000000 		.4byte	.LVL11
 559 009e 24000000 		.4byte	.LFE146
 560 00a2 0400     		.2byte	0x4
 561 00a4 F3       		.byte	0xf3
 562 00a5 01       		.uleb128 0x1
 563 00a6 52       		.byte	0x52
 564 00a7 9F       		.byte	0x9f
 565 00a8 00000000 		.4byte	0
 566 00ac 00000000 		.4byte	0
 567              	.LLST3:
 568 00b0 06000000 		.4byte	.LVL1
 569 00b4 0E000000 		.4byte	.LVL2
 570 00b8 0200     		.2byte	0x2
 571 00ba 30       		.byte	0x30
 572 00bb 9F       		.byte	0x9f
 573 00bc 0E000000 		.4byte	.LVL2
 574 00c0 1A000000 		.4byte	.LVL6
 575 00c4 0100     		.2byte	0x1
 576 00c6 54       		.byte	0x54
 577 00c7 1A000000 		.4byte	.LVL6
 578 00cb 1C000000 		.4byte	.LVL7
 579 00cf 0200     		.2byte	0x2
 580 00d1 30       		.byte	0x30
 581 00d2 9F       		.byte	0x9f
 582 00d3 1C000000 		.4byte	.LVL7
 583 00d7 22000000 		.4byte	.LVL9
 584 00db 0100     		.2byte	0x1
 585 00dd 54       		.byte	0x54
ARM GAS  C:\Users\PC\AppData\Local\Temp\ccV6zvlT.s 			page 14


 586 00de 22000000 		.4byte	.LVL9
 587 00e2 24000000 		.4byte	.LFE146
 588 00e6 0100     		.2byte	0x1
 589 00e8 50       		.byte	0x50
 590 00e9 00000000 		.4byte	0
 591 00ed 00000000 		.4byte	0
 592              	.LLST4:
 593 00f1 00000000 		.4byte	.LVL12
 594 00f5 0E000000 		.4byte	.LVL14
 595 00f9 0100     		.2byte	0x1
 596 00fb 50       		.byte	0x50
 597 00fc 0E000000 		.4byte	.LVL14
 598 0100 20000000 		.4byte	.LVL18
 599 0104 0400     		.2byte	0x4
 600 0106 F3       		.byte	0xf3
 601 0107 01       		.uleb128 0x1
 602 0108 50       		.byte	0x50
 603 0109 9F       		.byte	0x9f
 604 010a 20000000 		.4byte	.LVL18
 605 010e 22000000 		.4byte	.LVL19
 606 0112 0100     		.2byte	0x1
 607 0114 50       		.byte	0x50
 608 0115 22000000 		.4byte	.LVL19
 609 0119 2A000000 		.4byte	.LFE147
 610 011d 0400     		.2byte	0x4
 611 011f F3       		.byte	0xf3
 612 0120 01       		.uleb128 0x1
 613 0121 50       		.byte	0x50
 614 0122 9F       		.byte	0x9f
 615 0123 00000000 		.4byte	0
 616 0127 00000000 		.4byte	0
 617              	.LLST5:
 618 012b 00000000 		.4byte	.LVL12
 619 012f 0E000000 		.4byte	.LVL14
 620 0133 0100     		.2byte	0x1
 621 0135 51       		.byte	0x51
 622 0136 0E000000 		.4byte	.LVL14
 623 013a 20000000 		.4byte	.LVL18
 624 013e 0100     		.2byte	0x1
 625 0140 55       		.byte	0x55
 626 0141 20000000 		.4byte	.LVL18
 627 0145 22000000 		.4byte	.LVL19
 628 0149 0100     		.2byte	0x1
 629 014b 51       		.byte	0x51
 630 014c 22000000 		.4byte	.LVL19
 631 0150 28000000 		.4byte	.LVL22
 632 0154 0100     		.2byte	0x1
 633 0156 55       		.byte	0x55
 634 0157 00000000 		.4byte	0
 635 015b 00000000 		.4byte	0
 636              	.LLST6:
 637 015f 00000000 		.4byte	.LVL12
 638 0163 0E000000 		.4byte	.LVL14
 639 0167 0100     		.2byte	0x1
 640 0169 52       		.byte	0x52
 641 016a 0E000000 		.4byte	.LVL14
 642 016e 20000000 		.4byte	.LVL18
ARM GAS  C:\Users\PC\AppData\Local\Temp\ccV6zvlT.s 			page 15


 643 0172 0100     		.2byte	0x1
 644 0174 56       		.byte	0x56
 645 0175 20000000 		.4byte	.LVL18
 646 0179 22000000 		.4byte	.LVL19
 647 017d 0100     		.2byte	0x1
 648 017f 52       		.byte	0x52
 649 0180 22000000 		.4byte	.LVL19
 650 0184 28000000 		.4byte	.LVL23
 651 0188 0100     		.2byte	0x1
 652 018a 56       		.byte	0x56
 653 018b 28000000 		.4byte	.LVL23
 654 018f 2A000000 		.4byte	.LFE147
 655 0193 0400     		.2byte	0x4
 656 0195 F3       		.byte	0xf3
 657 0196 01       		.uleb128 0x1
 658 0197 52       		.byte	0x52
 659 0198 9F       		.byte	0x9f
 660 0199 00000000 		.4byte	0
 661 019d 00000000 		.4byte	0
 662              	.LLST7:
 663 01a1 06000000 		.4byte	.LVL13
 664 01a5 0E000000 		.4byte	.LVL14
 665 01a9 0200     		.2byte	0x2
 666 01ab 30       		.byte	0x30
 667 01ac 9F       		.byte	0x9f
 668 01ad 0E000000 		.4byte	.LVL14
 669 01b1 20000000 		.4byte	.LVL18
 670 01b5 0100     		.2byte	0x1
 671 01b7 54       		.byte	0x54
 672 01b8 20000000 		.4byte	.LVL18
 673 01bc 22000000 		.4byte	.LVL19
 674 01c0 0200     		.2byte	0x2
 675 01c2 30       		.byte	0x30
 676 01c3 9F       		.byte	0x9f
 677 01c4 22000000 		.4byte	.LVL19
 678 01c8 28000000 		.4byte	.LVL21
 679 01cc 0100     		.2byte	0x1
 680 01ce 54       		.byte	0x54
 681 01cf 28000000 		.4byte	.LVL21
 682 01d3 2A000000 		.4byte	.LFE147
 683 01d7 0100     		.2byte	0x1
 684 01d9 50       		.byte	0x50
 685 01da 00000000 		.4byte	0
 686 01de 00000000 		.4byte	0
 687              		.section	.debug_aranges,"",%progbits
 688 0000 24000000 		.4byte	0x24
 689 0004 0200     		.2byte	0x2
 690 0006 00000000 		.4byte	.Ldebug_info0
 691 000a 04       		.byte	0x4
 692 000b 00       		.byte	0
 693 000c 0000     		.2byte	0
 694 000e 0000     		.2byte	0
 695 0010 00000000 		.4byte	.LFB146
 696 0014 24000000 		.4byte	.LFE146-.LFB146
 697 0018 00000000 		.4byte	.LFB147
 698 001c 2A000000 		.4byte	.LFE147-.LFB147
 699 0020 00000000 		.4byte	0
ARM GAS  C:\Users\PC\AppData\Local\Temp\ccV6zvlT.s 			page 16


 700 0024 00000000 		.4byte	0
 701              		.section	.debug_ranges,"",%progbits
 702              	.Ldebug_ranges0:
 703 0000 00000000 		.4byte	.LFB146
 704 0004 24000000 		.4byte	.LFE146
 705 0008 00000000 		.4byte	.LFB147
 706 000c 2A000000 		.4byte	.LFE147
 707 0010 00000000 		.4byte	0
 708 0014 00000000 		.4byte	0
 709              		.section	.debug_line,"",%progbits
 710              	.Ldebug_line0:
 711 0000 B6010000 		.section	.debug_str,"MS",%progbits,1
 711      02006101 
 711      00000201 
 711      FB0E0D00 
 711      01010101 
 712              	.LASF6:
 713 0000 6C6F6E67 		.ascii	"long long int\000"
 713      206C6F6E 
 713      6720696E 
 713      7400
 714              	.LASF8:
 715 000e 756E7369 		.ascii	"unsigned int\000"
 715      676E6564 
 715      20696E74 
 715      00
 716              	.LASF1:
 717 001b 756E7369 		.ascii	"unsigned char\000"
 717      676E6564 
 717      20636861 
 717      7200
 718              	.LASF23:
 719 0029 47656E65 		.ascii	"Generated_Source\\PSoC6\\pdl\\utilities\\retarget_i"
 719      72617465 
 719      645F536F 
 719      75726365 
 719      5C50536F 
 720 0058 6F5C7265 		.ascii	"o\\retarget.c\000"
 720      74617267 
 720      65742E63 
 720      00
 721              	.LASF12:
 722 0065 5F5F7569 		.ascii	"__uint32_t\000"
 722      6E743332 
 722      5F7400
 723              	.LASF18:
 724 0070 5F726561 		.ascii	"_read\000"
 724      6400
 725              	.LASF5:
 726 0076 6C6F6E67 		.ascii	"long unsigned int\000"
 726      20756E73 
 726      69676E65 
 726      6420696E 
 726      7400
 727              	.LASF7:
 728 0088 6C6F6E67 		.ascii	"long long unsigned int\000"
 728      206C6F6E 
ARM GAS  C:\Users\PC\AppData\Local\Temp\ccV6zvlT.s 			page 17


 728      6720756E 
 728      7369676E 
 728      65642069 
 729              	.LASF24:
 730 009f 433A5C55 		.ascii	"C:\\Users\\PC\\Desktop\\WorkspaceLab10.cydsn\\Blank"
 730      73657273 
 730      5C50435C 
 730      4465736B 
 730      746F705C 
 731 00cd 2D323032 		.ascii	"-20240329T070651Z-001\\Blank\\Psoc6E-INK DISPLAY.cy"
 731      34303332 
 731      39543037 
 731      30363531 
 731      5A2D3030 
 732 00fe 64736E00 		.ascii	"dsn\000"
 733              	.LASF14:
 734 0102 666C6F61 		.ascii	"float\000"
 734      7400
 735              	.LASF0:
 736 0108 7369676E 		.ascii	"signed char\000"
 736      65642063 
 736      68617200 
 737              	.LASF17:
 738 0114 5F777269 		.ascii	"_write\000"
 738      746500
 739              	.LASF16:
 740 011b 5F426F6F 		.ascii	"_Bool\000"
 740      6C00
 741              	.LASF11:
 742 0121 63686172 		.ascii	"char\000"
 742      00
 743              	.LASF13:
 744 0126 75696E74 		.ascii	"uint32_t\000"
 744      33325F74 
 744      00
 745              	.LASF4:
 746 012f 6C6F6E67 		.ascii	"long int\000"
 746      20696E74 
 746      00
 747              	.LASF15:
 748 0138 646F7562 		.ascii	"double\000"
 748      6C6500
 749              	.LASF3:
 750 013f 73686F72 		.ascii	"short unsigned int\000"
 750      7420756E 
 750      7369676E 
 750      65642069 
 750      6E7400
 751              	.LASF19:
 752 0152 6E436861 		.ascii	"nChars\000"
 752      727300
 753              	.LASF20:
 754 0159 53544449 		.ascii	"STDIO_PutChar\000"
 754      4F5F5075 
 754      74436861 
 754      7200
 755              	.LASF9:
ARM GAS  C:\Users\PC\AppData\Local\Temp\ccV6zvlT.s 			page 18


 756 0167 6C6F6E67 		.ascii	"long double\000"
 756      20646F75 
 756      626C6500 
 757              	.LASF21:
 758 0173 53544449 		.ascii	"STDIO_GetChar\000"
 758      4F5F4765 
 758      74436861 
 758      7200
 759              	.LASF2:
 760 0181 73686F72 		.ascii	"short int\000"
 760      7420696E 
 760      7400
 761              	.LASF22:
 762 018b 474E5520 		.ascii	"GNU C11 5.4.1 20160609 (release) [ARM/embedded-5-br"
 762      43313120 
 762      352E342E 
 762      31203230 
 762      31363036 
 763 01be 616E6368 		.ascii	"anch revision 237715] -mcpu=cortex-m0plus -mthumb -"
 763      20726576 
 763      6973696F 
 763      6E203233 
 763      37373135 
 764 01f1 67202D4F 		.ascii	"g -Og -ffunction-sections -ffat-lto-objects\000"
 764      67202D66 
 764      66756E63 
 764      74696F6E 
 764      2D736563 
 765              	.LASF10:
 766 021d 73697A65 		.ascii	"sizetype\000"
 766      74797065 
 766      00
 767              		.ident	"GCC: (GNU Tools for ARM Embedded Processors) 5.4.1 20160609 (release) [ARM/embedded-5-bran
